Microchip Technology Inc, vv3_31 (A) R_/Ð}T

Tool Name:
  c:\program files (x86)\microchip\mplabc30\v3.31\bin\bin\..\bin/pic30-coff-ld.exe

Command:
  -p33EP128GP502 \
  -olab7task2.cof \
  -Lc:/program files (x86)/microchip/mplabc30/v3.31/bin/bin/.. \
  -Lc:/program files (x86)/microchip/mplabc30/v3.31/bin/bin/../../lib \
  -Lc:/program files (x86)/microchip/mplabc30/v3.31/bin/bin/../../lib/PIC24E \
  -Lc:/program files (x86)/microchip/mplabc30/v3.31/bin/bin/../../support/PIC24E/gld \
  -Lc:/program files (x86)/microchip/mplabc30/v3.31/bin/bin/../../lib/PIC24F \
  -Lc:/program files (x86)/microchip/mplabc30/v3.31/bin/bin/../../support/PIC24F/gld \
  -Lc:/program files (x86)/microchip/mplabc30/v3.31/bin/bin/../../lib/PIC24H \
  -Lc:/program files (x86)/microchip/mplabc30/v3.31/bin/bin/../../support/PIC24H/gld \
  -Lc:/program files (x86)/microchip/mplabc30/v3.31/bin/bin/../../lib/dsPIC30F \
  -Lc:/program files (x86)/microchip/mplabc30/v3.31/bin/bin/../../support/dsPIC30F/gld \
  -Lc:/program files (x86)/microchip/mplabc30/v3.31/bin/bin/../../lib/dsPIC33E \
  -Lc:/program files (x86)/microchip/mplabc30/v3.31/bin/bin/../../support/dsPIC33E/gld \
  -Lc:/program files (x86)/microchip/mplabc30/v3.31/bin/bin/../../lib/dsPIC33F \
  -Lc:/program files (x86)/microchip/mplabc30/v3.31/bin/bin/../../support/dsPIC33F/gld \
  pic24_clockfreq.o \
  pic24_configbits.o \
  pic24_util.o \
  pic24_uart.o \
  pic24_serial.o \
  output_name.o \
  -Tp33EP128GP502_bootldr.gld.00 \
  --defsym=__MPLAB_BUILD=1 \
  --defsym=__MPLAB_DEBUG=1 \
  --heap=100 \
  -Map=lab7task2.map \
  --report-mem \
  -start-group \
  --library=pic30-coff \
  --library=m-coff \
  --library=c-coff \
  -end-group \

Archive member included because of file (symbol)

c:/program files (x86)/microchip/mplabc30/v3.31/bin/bin/../../lib\libpic30-coff.a(crt0_extendedep.o)
                              (_resetPRI)
c:/program files (x86)/microchip/mplabc30/v3.31/bin/bin/../../lib\libpic30-coff.a(delay32ep.o)
                              pic24_uart.o (__delay32)
c:/program files (x86)/microchip/mplabc30/v3.31/bin/bin/../../lib\libpic30-coff.a(c30_uartep.o)
                              pic24_serial.o (__C30_UART)
c:/program files (x86)/microchip/mplabc30/v3.31/bin/bin/../../lib\libpic30-coff.a(data_init_extendedep.o)
                              c:/program files (x86)/microchip/mplabc30/v3.31/bin/bin/../../lib\libpic30-coff.a(crt0_extendedep.o) (_data_init_extended)
c:/program files (x86)/microchip/mplabc30/v3.31/bin/bin/../../lib\libm-coff.a(fixunssfsi.epo)
                              pic24_util.o (__fixunssfsi)
c:/program files (x86)/microchip/mplabc30/v3.31/bin/bin/../../lib\libm-coff.a(floatsisf.epo)
                              pic24_util.o (__floatsisf)
c:/program files (x86)/microchip/mplabc30/v3.31/bin/bin/../../lib\libm-coff.a(addsf3.epo)
                              pic24_util.o (__subsf3)
c:/program files (x86)/microchip/mplabc30/v3.31/bin/bin/../../lib\libm-coff.a(feqltle.epo)
                              pic24_util.o (__ltsf2)
c:/program files (x86)/microchip/mplabc30/v3.31/bin/bin/../../lib\libm-coff.a(divsf3.epo)
                              pic24_uart.o (__divsf3)
c:/program files (x86)/microchip/mplabc30/v3.31/bin/bin/../../lib\libm-coff.a(mulsf3.epo)
                              pic24_uart.o (__mulsf3)
c:/program files (x86)/microchip/mplabc30/v3.31/bin/bin/../../lib\libm-coff.a(funpack.epo)
                              c:/program files (x86)/microchip/mplabc30/v3.31/bin/bin/../../lib\libm-coff.a(fixunssfsi.epo) (_funpack)
c:/program files (x86)/microchip/mplabc30/v3.31/bin/bin/../../lib\libm-coff.a(fpack.epo)
                              c:/program files (x86)/microchip/mplabc30/v3.31/bin/bin/../../lib\libm-coff.a(floatsisf.epo) (_fpack)
c:/program files (x86)/microchip/mplabc30/v3.31/bin/bin/../../lib\libm-coff.a(funpack2.epo)
                              c:/program files (x86)/microchip/mplabc30/v3.31/bin/bin/../../lib\libm-coff.a(addsf3.epo) (_funpack2)
c:/program files (x86)/microchip/mplabc30/v3.31/bin/bin/../../lib\libm-coff.a(futil.epo)
                              c:/program files (x86)/microchip/mplabc30/v3.31/bin/bin/../../lib\libm-coff.a(addsf3.epo) (_fPropagateNaN)
c:/program files (x86)/microchip/mplabc30/v3.31/bin/bin/../../lib\libm-coff.a(fcompare.epo)
                              c:/program files (x86)/microchip/mplabc30/v3.31/bin/bin/../../lib\libm-coff.a(feqltle.epo) (_fcompare)


Selected CodeGuard Options:
  FGS:GWRP:OFF
  FGS:GCP:OFF

CodeGuard FLASH Memory:
  boot    (none)
  secure  (none)
  general 0x1300 to 0x157e8

CodeGuard RAM Memory:
  general 0x1000 to 0x4fff
  secure  (none)
  boot    (none)


Program Memory  [Origin = 0x1300, Length = 0x144ea]

section                    address   length (PC units)   length (bytes) (dec)
-------                    -------   -----------------   --------------------
[...]
Memory Configuration

Name             Origin             Length             Attributes
data             0x001000           0x004000           a !xr
reset            0x000000           0x000004  
ivt              0x000004           0x0001fc  
j_ivt            0x001000           0x000300  
program          0x001300           0x0144ea           xr
FICD             0x0157f0           0x000002  
FPOR             0x0157f2           0x000002  
FWDT             0x0157f4           0x000002  
FOSC             0x0157f6           0x000002  
FOSCSEL          0x0157f8           0x000002  
FGS              0x0157fa           0x000002  
FUID0            0x800ff8           0x000002  
FUID1            0x800ffa           0x000002  
FUID2            0x800ffc           0x000002  
FUID3            0x800ffe           0x000002  
*default*        0x000000           0xffffffff  

Linker script and memory map

LOAD pic24_clockfreq.o
LOAD pic24_configbits.o
LOAD pic24_util.o
LOAD pic24_uart.o
LOAD pic24_serial.o
LOAD output_name.o
LOAD c:/program files (x86)/microchip/mplabc30/v3.31/bin/bin/../../lib/dsPIC33E\libp33EP128GP502-coff.a
                    0x1000                  __JIVT_BASE = 0x1000
                    0x1002                  J__OscillatorFail = 0x1002
                    0x1006                  J__AddressError = 0x1006
                    0x100a                  J__HardTrapError = 0x100a
                    0x100e                  J__StackError = 0x100e
                    0x1012                  J__MathError = 0x1012
                    0x1016                  J__DMACError = 0x1016
                    0x101a                  J__SoftTrapError = 0x101a
                    0x101e                  J__ReservedTrap7 = 0x101e
                    0x1022                  J__INT0Interrupt = 0x1022
                    0x1026                  J__IC1Interrupt = 0x1026
                    0x102a                  J__OC1Interrupt = 0x102a
                    0x102e                  J__T1Interrupt = 0x102e
                    0x1032                  J__DMA0Interrupt = 0x1032
                    0x1036                  J__IC2Interrupt = 0x1036
                    0x103a                  J__OC2Interrupt = 0x103a
                    0x103e                  J__T2Interrupt = 0x103e
                    0x1042                  J__T3Interrupt = 0x1042
                    0x1046                  J__SPI1ErrInterrupt = 0x1046
                    0x104a                  J__SPI1Interrupt = 0x104a
                    0x104e                  J__U1RXInterrupt = 0x104e
                    0x1052                  J__U1TXInterrupt = 0x1052
                    0x1056                  J__AD1Interrupt = 0x1056
                    0x105a                  J__DMA1Interrupt = 0x105a
                    0x105e                  J__Interrupt15 = 0x105e
                    0x1062                  J__SI2C1Interrupt = 0x1062
                    0x1066                  J__MI2C1Interrupt = 0x1066
                    0x106a                  J__CM1Interrupt = 0x106a
                    0x106e                  J__CNInterrupt = 0x106e
                    0x1072                  J__INT1Interrupt = 0x1072
                    0x1076                  J__Interrupt21 = 0x1076
                    0x107a                  J__Interrupt22 = 0x107a
                    0x107e                  J__Interrupt23 = 0x107e
                    0x1082                  J__DMA2Interrupt = 0x1082
                    0x1086                  J__OC3Interrupt = 0x1086
                    0x108a                  J__OC4Interrupt = 0x108a
                    0x108e                  J__T4Interrupt = 0x108e
                    0x1092                  J__T5Interrupt = 0x1092
                    0x1096                  J__INT2Interrupt = 0x1096
                    0x109a                  J__U2RXInterrupt = 0x109a
                    0x109e                  J__U2TXInterrupt = 0x109e
                    0x10a2                  J__SPI2ErrInterrupt = 0x10a2
                    0x10a6                  J__SPI2Interrupt = 0x10a6
                    0x10aa                  J__C1RxRdyInterrupt = 0x10aa
                    0x10ae                  J__C1Interrupt = 0x10ae
                    0x10b2                  J__DMA3Interrupt = 0x10b2
                    0x10b6                  J__IC3Interrupt = 0x10b6
                    0x10ba                  J__IC4Interrupt = 0x10ba
                    0x10be                  J__Interrupt39 = 0x10be
                    0x10c2                  J__Interrupt40 = 0x10c2
                    0x10c6                  J__Interrupt41 = 0x10c6
                    0x10ca                  J__Interrupt42 = 0x10ca
                    0x10ce                  J__Interrupt43 = 0x10ce
                    0x10d2                  J__Interrupt44 = 0x10d2
                    0x10d6                  J__Interrupt45 = 0x10d6
                    0x10da                  J__Interrupt46 = 0x10da
                    0x10de                  J__Interrupt47 = 0x10de
                    0x10e2                  J__Interrupt48 = 0x10e2
                    0x10e6                  J__SI2C2Interrupt = 0x10e6
                    0x10ea                  J__MI2C2Interrupt = 0x10ea
                    0x10ee                  J__Interrupt51 = 0x10ee
                    0x10f2                  J__Interrupt52 = 0x10f2
                    0x10f6                  J__Interrupt53 = 0x10f6
                    0x10fa                  J__Interrupt54 = 0x10fa
                    0x10fe                  J__Interrupt55 = 0x10fe
                    0x1102                  J__Interrupt56 = 0x1102
                    0x1106                  J__Interrupt57 = 0x1106
                    0x110a                  J__Interrupt58 = 0x110a
                    0x110e                  J__Interrupt59 = 0x110e
                    0x1112                  J__Interrupt60 = 0x1112
                    0x1116                  J__Interrupt61 = 0x1116
                    0x111a                  J__Interrupt62 = 0x111a
                    0x111e                  J__Interrupt63 = 0x111e
                    0x1122                  J__Interrupt64 = 0x1122
                    0x1126                  J__U1ErrInterrupt = 0x1126
                    0x112a                  J__U2ErrInterrupt = 0x112a
                    0x112e                  J__CRCInterrupt = 0x112e
                    0x1132                  J__Interrupt68 = 0x1132
                    0x1136                  J__Interrupt69 = 0x1136
                    0x113a                  J__C1TxReqInterrupt = 0x113a
                    0x113e                  J__Interrupt71 = 0x113e
                    0x1142                  J__Interrupt72 = 0x1142
                    0x1146                  J__Interrupt73 = 0x1146
                    0x114a                  J__Interrupt74 = 0x114a
                    0x114e                  J__Interrupt75 = 0x114e
                    0x1152                  J__Interrupt76 = 0x1152
                    0x1156                  J__CTMUInterrupt = 0x1156
                    0x115a                  J__Interrupt78 = 0x115a
                    0x115e                  J__Interrupt79 = 0x115e
                    0x1162                  J__Interrupt80 = 0x1162
                    0x1166                  J__Interrupt81 = 0x1166
                    0x116a                  J__Interrupt82 = 0x116a
                    0x116e                  J__Interrupt83 = 0x116e
                    0x1172                  J__Interrupt84 = 0x1172
                    0x1176                  J__Interrupt85 = 0x1176
                    0x117a                  J__Interrupt86 = 0x117a
                    0x117e                  J__Interrupt87 = 0x117e
                    0x1182                  J__Interrupt88 = 0x1182
                    0x1186                  J__Interrupt89 = 0x1186
                    0x118a                  J__Interrupt90 = 0x118a
                    0x118e                  J__Interrupt91 = 0x118e
                    0x1192                  J__Interrupt92 = 0x1192
                    0x1196                  J__Interrupt93 = 0x1196
                    0x119a                  J__Interrupt94 = 0x119a
                    0x119e                  J__Interrupt95 = 0x119e
                    0x11a2                  J__Interrupt96 = 0x11a2
                    0x11a6                  J__Interrupt97 = 0x11a6
                    0x11aa                  J__Interrupt98 = 0x11aa
                    0x11ae                  J__Interrupt99 = 0x11ae
                    0x11b2                  J__Interrupt100 = 0x11b2
                    0x11b6                  J__Interrupt101 = 0x11b6
                    0x11ba                  J__Interrupt102 = 0x11ba
                    0x11be                  J__Interrupt103 = 0x11be
                    0x11c2                  J__Interrupt104 = 0x11c2
                    0x11c6                  J__Interrupt105 = 0x11c6
                    0x11ca                  J__Interrupt106 = 0x11ca
                    0x11ce                  J__Interrupt107 = 0x11ce
                    0x11d2                  J__Interrupt108 = 0x11d2
                    0x11d6                  J__Interrupt109 = 0x11d6
                    0x11da                  J__Interrupt110 = 0x11da
                    0x11de                  J__Interrupt111 = 0x11de
                    0x11e2                  J__Interrupt112 = 0x11e2
                    0x11e6                  J__Interrupt113 = 0x11e6
                    0x11ea                  J__Interrupt114 = 0x11ea
                    0x11ee                  J__Interrupt115 = 0x11ee
                    0x11f2                  J__Interrupt116 = 0x11f2
                    0x11f6                  J__Interrupt117 = 0x11f6
                    0x11fa                  J__Interrupt118 = 0x11fa
                    0x11fe                  J__Interrupt119 = 0x11fe
                    0x1202                  J__Interrupt120 = 0x1202
                    0x1206                  J__Interrupt121 = 0x1206
                    0x120a                  J__Interrupt122 = 0x120a
                    0x120e                  J__Interrupt123 = 0x120e
                    0x1212                  J__Interrupt124 = 0x1212
                    0x1216                  J__Interrupt125 = 0x1216
                    0x121a                  J__Interrupt126 = 0x121a
                    0x121e                  J__Interrupt127 = 0x121e
                    0x1222                  J__Interrupt128 = 0x1222
                    0x1226                  J__Interrupt129 = 0x1226
                    0x122a                  J__Interrupt130 = 0x122a
                    0x122e                  J__Interrupt131 = 0x122e
                    0x1232                  J__Interrupt132 = 0x1232
                    0x1236                  J__Interrupt133 = 0x1236
                    0x123a                  J__Interrupt134 = 0x123a
                    0x123e                  J__Interrupt135 = 0x123e
                    0x1242                  J__Interrupt136 = 0x1242
                    0x1246                  J__Interrupt137 = 0x1246
                    0x124a                  J__Interrupt138 = 0x124a
                    0x124e                  J__Interrupt139 = 0x124e
                    0x1252                  J__Interrupt140 = 0x1252
                    0x1256                  J__Interrupt141 = 0x1256
                    0x125a                  J__ICDInterrupt = 0x125a
                    0x125e                  J__JTAGInterrupt = 0x125e
                    0x1262                  J__Interrupt144 = 0x1262
                    0x1266                  J__PTGSTEPInterrupt = 0x1266
                    0x126a                  J__PTGWDTInterrupt = 0x126a
                    0x126e                  J__PTG0Interrupt = 0x126e
                    0x1272                  J__PTG1Interrupt = 0x1272
                    0x1276                  J__PTG2Interrupt = 0x1276
                    0x127a                  J__PTG3Interrupt = 0x127a
                    0x157f0                  __FICD = 0x157f0
                    0x157f2                  __FPOR = 0x157f2
                    0x157f4                  __FWDT = 0x157f4
                    0x157f6                  __FOSC = 0x157f6
                    0x157f8                  __FOSCSEL = 0x157f8
                    0x157fa                  __FGS = 0x157fa
                    0x800ff8                  __FUID0 = 0x800ff8
                    0x800ffa                  __FUID1 = 0x800ffa
                    0x800ffc                  __FUID2 = 0x800ffc
                    0x800ffe                  __FUID3 = 0x800ffe
                    0x0004                  __IVT_BASE = 0x4
                    0x1000                  __DATA_BASE = 0x1000
                    0x4000                  __DATA_LENGTH = 0x4000
                    0x3000                  __YDATA_BASE = 0x3000
                    0x0200                  __CODE_BASE = 0x200
                    0x155ec                  __CODE_LENGTH = 0x155ec

.reset            0x000000          0x4
                  0x000000          0x2 SHORT 0x1300 ABSOLUTE (__reset)
                  0x000001          0x2 SHORT 0x4
                  0x000002          0x2 SHORT 0x0 ((ABSOLUTE (__reset) >> 0x10) & 0x7f)
                  0x000003          0x2 SHORT 0x0

.j_ivt            0x001000        0x27e
                  0x001000          0x2 SHORT 0x2
                  0x001001          0x2 SHORT 0x0
                  0x001002          0x2 SHORT 0x2260 DEFINED (__OscillatorFail)?ABSOLUTE (__OscillatorFail):ABSOLUTE (__DefaultInterrupt)
                  0x001003          0x2 SHORT 0x4
                  0x001004          0x2 SHORT 0x0 ((DEFINED (__OscillatorFail)?ABSOLUTE (__OscillatorFail):ABSOLUTE (__DefaultInterrupt) >> 0x10) & 0x7f)
                  0x001005          0x2 SHORT 0x0
                  0x001006          0x2 SHORT 0x2260 DEFINED (__AddressError)?ABSOLUTE (__AddressError):ABSOLUTE (__DefaultInterrupt)
                  0x001007          0x2 SHORT 0x4
                  0x001008          0x2 SHORT 0x0 ((DEFINED (__AddressError)?ABSOLUTE (__AddressError):ABSOLUTE (__DefaultInterrupt) >> 0x10) & 0x7f)
                  0x001009          0x2 SHORT 0x0
                  0x00100a          0x2 SHORT 0x2260 DEFINED (__HardTrapError)?ABSOLUTE (__HardTrapError):ABSOLUTE (__DefaultInterrupt)
                  0x00100b          0x2 SHORT 0x4
                  0x00100c          0x2 SHORT 0x0 ((DEFINED (__HardTrapError)?ABSOLUTE (__HardTrapError):ABSOLUTE (__DefaultInterrupt) >> 0x10) & 0x7f)
                  0x00100d          0x2 SHORT 0x0
                  0x00100e          0x2 SHORT 0x2260 DEFINED (__StackError)?ABSOLUTE (__StackError):ABSOLUTE (__DefaultInterrupt)
                  0x00100f          0x2 SHORT 0x4
                  0x001010          0x2 SHORT 0x0 ((DEFINED (__StackError)?ABSOLUTE (__StackError):ABSOLUTE (__DefaultInterrupt) >> 0x10) & 0x7f)
                  0x001011          0x2 SHORT 0x0
                  0x001012          0x2 SHORT 0x2260 DEFINED (__MathError)?ABSOLUTE (__MathError):ABSOLUTE (__DefaultInterrupt)
                  0x001013          0x2 SHORT 0x4
                  0x001014          0x2 SHORT 0x0 ((DEFINED (__MathError)?ABSOLUTE (__MathError):ABSOLUTE (__DefaultInterrupt) >> 0x10) & 0x7f)
                  0x001015          0x2 SHORT 0x0
                  0x001016          0x2 SHORT 0x2260 DEFINED (__DMACError)?ABSOLUTE (__DMACError):ABSOLUTE (__DefaultInterrupt)
                  0x001017          0x2 SHORT 0x4
                  0x001018          0x2 SHORT 0x0 ((DEFINED (__DMACError)?ABSOLUTE (__DMACError):ABSOLUTE (__DefaultInterrupt) >> 0x10) & 0x7f)
                  0x001019          0x2 SHORT 0x0
                  0x00101a          0x2 SHORT 0x2260 DEFINED (__SoftTrapError)?ABSOLUTE (__SoftTrapError):ABSOLUTE (__DefaultInterrupt)
                  0x00101b          0x2 SHORT 0x4
                  0x00101c          0x2 SHORT 0x0 ((DEFINED (__SoftTrapError)?ABSOLUTE (__SoftTrapError):ABSOLUTE (__DefaultInterrupt) >> 0x10) & 0x7f)
                  0x00101d          0x2 SHORT 0x0
                  0x00101e          0x2 SHORT 0x2260 DEFINED (__ReservedTrap7)?ABSOLUTE (__ReservedTrap7):ABSOLUTE (__DefaultInterrupt)
                  0x00101f          0x2 SHORT 0x4
                  0x001020          0x2 SHORT 0x0 ((DEFINED (__ReservedTrap7)?ABSOLUTE (__ReservedTrap7):ABSOLUTE (__DefaultInterrupt) >> 0x10) & 0x7f)
                  0x001021          0x2 SHORT 0x0
                  0x001022          0x2 SHORT 0x2260 DEFINED (__INT0Interrupt)?ABSOLUTE (__INT0Interrupt):ABSOLUTE (__DefaultInterrupt)
                  0x001023          0x2 SHORT 0x4
                  0x001024          0x2 SHORT 0x0 ((DEFINED (__INT0Interrupt)?ABSOLUTE (__INT0Interrupt):ABSOLUTE (__DefaultInterrupt) >> 0x10) & 0x7f)
                  0x001025          0x2 SHORT 0x0
                  0x001026          0x2 SHORT 0x2260 DEFINED (__IC1Interrupt)?ABSOLUTE (__IC1Interrupt):ABSOLUTE (__DefaultInterrupt)
                  0x001027          0x2 SHORT 0x4
                  0x001028          0x2 SHORT 0x0 ((DEFINED (__IC1Interrupt)?ABSOLUTE (__IC1Interrupt):ABSOLUTE (__DefaultInterrupt) >> 0x10) & 0x7f)
                  0x001029          0x2 SHORT 0x0
                  0x00102a          0x2 SHORT 0x2260 DEFINED (__OC1Interrupt)?ABSOLUTE (__OC1Interrupt):ABSOLUTE (__DefaultInterrupt)
                  0x00102b          0x2 SHORT 0x4
                  0x00102c          0x2 SHORT 0x0 ((DEFINED (__OC1Interrupt)?ABSOLUTE (__OC1Interrupt):ABSOLUTE (__DefaultInterrupt) >> 0x10) & 0x7f)
                  0x00102d          0x2 SHORT 0x0
                  0x00102e          0x2 SHORT 0x2260 DEFINED (__T1Interrupt)?ABSOLUTE (__T1Interrupt):ABSOLUTE (__DefaultInterrupt)
                  0x00102f          0x2 SHORT 0x4
                  0x001030          0x2 SHORT 0x0 ((DEFINED (__T1Interrupt)?ABSOLUTE (__T1Interrupt):ABSOLUTE (__DefaultInterrupt) >> 0x10) & 0x7f)
                  0x001031          0x2 SHORT 0x0
                  0x001032          0x2 SHORT 0x2260 DEFINED (__DMA0Interrupt)?ABSOLUTE (__DMA0Interrupt):ABSOLUTE (__DefaultInterrupt)
                  0x001033          0x2 SHORT 0x4
                  0x001034          0x2 SHORT 0x0 ((DEFINED (__DMA0Interrupt)?ABSOLUTE (__DMA0Interrupt):ABSOLUTE (__DefaultInterrupt) >> 0x10) & 0x7f)
                  0x001035          0x2 SHORT 0x0
                  0x001036          0x2 SHORT 0x2260 DEFINED (__IC2Interrupt)?ABSOLUTE (__IC2Interrupt):ABSOLUTE (__DefaultInterrupt)
                  0x001037          0x2 SHORT 0x4
                  0x001038          0x2 SHORT 0x0 ((DEFINED (__IC2Interrupt)?ABSOLUTE (__IC2Interrupt):ABSOLUTE (__DefaultInterrupt) >> 0x10) & 0x7f)
                  0x001039          0x2 SHORT 0x0
                  0x00103a          0x2 SHORT 0x2260 DEFINED (__OC2Interrupt)?ABSOLUTE (__OC2Interrupt):ABSOLUTE (__DefaultInterrupt)
                  0x00103b          0x2 SHORT 0x4
                  0x00103c          0x2 SHORT 0x0 ((DEFINED (__OC2Interrupt)?ABSOLUTE (__OC2Interrupt):ABSOLUTE (__DefaultInterrupt) >> 0x10) & 0x7f)
                  0x00103d          0x2 SHORT 0x0
                  0x00103e          0x2 SHORT 0x2260 DEFINED (__T2Interrupt)?ABSOLUTE (__T2Interrupt):ABSOLUTE (__DefaultInterrupt)
                  0x00103f          0x2 SHORT 0x4
                  0x001040          0x2 SHORT 0x0 ((DEFINED (__T2Interrupt)?ABSOLUTE (__T2Interrupt):ABSOLUTE (__DefaultInterrupt) >> 0x10) & 0x7f)
                  0x001041          0x2 SHORT 0x0
                  0x001042          0x2 SHORT 0x2260 DEFINED (__T3Interrupt)?ABSOLUTE (__T3Interrupt):ABSOLUTE (__DefaultInterrupt)
                  0x001043          0x2 SHORT 0x4
                  0x001044          0x2 SHORT 0x0 ((DEFINED (__T3Interrupt)?ABSOLUTE (__T3Interrupt):ABSOLUTE (__DefaultInterrupt) >> 0x10) & 0x7f)
                  0x001045          0x2 SHORT 0x0
                  0x001046          0x2 SHORT 0x2260 DEFINED (__SPI1ErrInterrupt)?ABSOLUTE (__SPI1ErrInterrupt):ABSOLUTE (__DefaultInterrupt)
                  0x001047          0x2 SHORT 0x4
                  0x001048          0x2 SHORT 0x0 ((DEFINED (__SPI1ErrInterrupt)?ABSOLUTE (__SPI1ErrInterrupt):ABSOLUTE (__DefaultInterrupt) >> 0x10) & 0x7f)
                  0x001049          0x2 SHORT 0x0
                  0x00104a          0x2 SHORT 0x2260 DEFINED (__SPI1Interrupt)?ABSOLUTE (__SPI1Interrupt):ABSOLUTE (__DefaultInterrupt)
                  0x00104b          0x2 SHORT 0x4
                  0x00104c          0x2 SHORT 0x0 ((DEFINED (__SPI1Interrupt)?ABSOLUTE (__SPI1Interrupt):ABSOLUTE (__DefaultInterrupt) >> 0x10) & 0x7f)
                  0x00104d          0x2 SHORT 0x0
                  0x00104e          0x2 SHORT 0x2260 DEFINED (__U1RXInterrupt)?ABSOLUTE (__U1RXInterrupt):ABSOLUTE (__DefaultInterrupt)
                  0x00104f          0x2 SHORT 0x4
                  0x001050          0x2 SHORT 0x0 ((DEFINED (__U1RXInterrupt)?ABSOLUTE (__U1RXInterrupt):ABSOLUTE (__DefaultInterrupt) >> 0x10) & 0x7f)
                  0x001051          0x2 SHORT 0x0
                  0x001052          0x2 SHORT 0x2260 DEFINED (__U1TXInterrupt)?ABSOLUTE (__U1TXInterrupt):ABSOLUTE (__DefaultInterrupt)
                  0x001053          0x2 SHORT 0x4
                  0x001054          0x2 SHORT 0x0 ((DEFINED (__U1TXInterrupt)?ABSOLUTE (__U1TXInterrupt):ABSOLUTE (__DefaultInterrupt) >> 0x10) & 0x7f)
                  0x001055          0x2 SHORT 0x0
                  0x001056          0x2 SHORT 0x2260 DEFINED (__AD1Interrupt)?ABSOLUTE (__AD1Interrupt):ABSOLUTE (__DefaultInterrupt)
                  0x001057          0x2 SHORT 0x4
                  0x001058          0x2 SHORT 0x0 ((DEFINED (__AD1Interrupt)?ABSOLUTE (__AD1Interrupt):ABSOLUTE (__DefaultInterrupt) >> 0x10) & 0x7f)
                  0x001059          0x2 SHORT 0x0
                  0x00105a          0x2 SHORT 0x2260 DEFINED (__DMA1Interrupt)?ABSOLUTE (__DMA1Interrupt):ABSOLUTE (__DefaultInterrupt)
                  0x00105b          0x2 SHORT 0x4
                  0x00105c          0x2 SHORT 0x0 ((DEFINED (__DMA1Interrupt)?ABSOLUTE (__DMA1Interrupt):ABSOLUTE (__DefaultInterrupt) >> 0x10) & 0x7f)
                  0x00105d          0x2 SHORT 0x0
                  0x00105e          0x2 SHORT 0x2260 DEFINED (__Interrupt15)?ABSOLUTE (__Interrupt15):ABSOLUTE (__DefaultInterrupt)
                  0x00105f          0x2 SHORT 0x4
                  0x001060          0x2 SHORT 0x0 ((DEFINED (__Interrupt15)?ABSOLUTE (__Interrupt15):ABSOLUTE (__DefaultInterrupt) >> 0x10) & 0x7f)
                  0x001061          0x2 SHORT 0x0
                  0x001062          0x2 SHORT 0x2260 DEFINED (__SI2C1Interrupt)?ABSOLUTE (__SI2C1Interrupt):ABSOLUTE (__DefaultInterrupt)
                  0x001063          0x2 SHORT 0x4
                  0x001064          0x2 SHORT 0x0 ((DEFINED (__SI2C1Interrupt)?ABSOLUTE (__SI2C1Interrupt):ABSOLUTE (__DefaultInterrupt) >> 0x10) & 0x7f)
                  0x001065          0x2 SHORT 0x0
                  0x001066          0x2 SHORT 0x2260 DEFINED (__MI2C1Interrupt)?ABSOLUTE (__MI2C1Interrupt):ABSOLUTE (__DefaultInterrupt)
                  0x001067          0x2 SHORT 0x4
                  0x001068          0x2 SHORT 0x0 ((DEFINED (__MI2C1Interrupt)?ABSOLUTE (__MI2C1Interrupt):ABSOLUTE (__DefaultInterrupt) >> 0x10) & 0x7f)
                  0x001069          0x2 SHORT 0x0
                  0x00106a          0x2 SHORT 0x2260 DEFINED (__CM1Interrupt)?ABSOLUTE (__CM1Interrupt):ABSOLUTE (__DefaultInterrupt)
                  0x00106b          0x2 SHORT 0x4
                  0x00106c          0x2 SHORT 0x0 ((DEFINED (__CM1Interrupt)?ABSOLUTE (__CM1Interrupt):ABSOLUTE (__DefaultInterrupt) >> 0x10) & 0x7f)
                  0x00106d          0x2 SHORT 0x0
                  0x00106e          0x2 SHORT 0x2260 DEFINED (__CNInterrupt)?ABSOLUTE (__CNInterrupt):ABSOLUTE (__DefaultInterrupt)
                  0x00106f          0x2 SHORT 0x4
                  0x001070          0x2 SHORT 0x0 ((DEFINED (__CNInterrupt)?ABSOLUTE (__CNInterrupt):ABSOLUTE (__DefaultInterrupt) >> 0x10) & 0x7f)
                  0x001071          0x2 SHORT 0x0
                  0x001072          0x2 SHORT 0x2260 DEFINED (__INT1Interrupt)?ABSOLUTE (__INT1Interrupt):ABSOLUTE (__DefaultInterrupt)
                  0x001073          0x2 SHORT 0x4
                  0x001074          0x2 SHORT 0x0 ((DEFINED (__INT1Interrupt)?ABSOLUTE (__INT1Interrupt):ABSOLUTE (__DefaultInterrupt) >> 0x10) & 0x7f)
                  0x001075          0x2 SHORT 0x0
                  0x001076          0x2 SHORT 0x2260 DEFINED (__Interrupt21)?ABSOLUTE (__Interrupt21):ABSOLUTE (__DefaultInterrupt)
                  0x001077          0x2 SHORT 0x4
                  0x001078          0x2 SHORT 0x0 ((DEFINED (__Interrupt21)?ABSOLUTE (__Interrupt21):ABSOLUTE (__DefaultInterrupt) >> 0x10) & 0x7f)
                  0x001079          0x2 SHORT 0x0
                  0x00107a          0x2 SHORT 0x2260 DEFINED (__Interrupt22)?ABSOLUTE (__Interrupt22):ABSOLUTE (__DefaultInterrupt)
                  0x00107b          0x2 SHORT 0x4
                  0x00107c          0x2 SHORT 0x0 ((DEFINED (__Interrupt22)?ABSOLUTE (__Interrupt22):ABSOLUTE (__DefaultInterrupt) >> 0x10) & 0x7f)
                  0x00107d          0x2 SHORT 0x0
                  0x00107e          0x2 SHORT 0x2260 DEFINED (__Interrupt23)?ABSOLUTE (__Interrupt23):ABSOLUTE (__DefaultInterrupt)
                  0x00107f          0x2 SHORT 0x4
                  0x001080          0x2 SHORT 0x0 ((DEFINED (__Interrupt23)?ABSOLUTE (__Interrupt23):ABSOLUTE (__DefaultInterrupt) >> 0x10) & 0x7f)
                  0x001081          0x2 SHORT 0x0
                  0x001082          0x2 SHORT 0x2260 DEFINED (__DMA2Interrupt)?ABSOLUTE (__DMA2Interrupt):ABSOLUTE (__DefaultInterrupt)
                  0x001083          0x2 SHORT 0x4
                  0x001084          0x2 SHORT 0x0 ((DEFINED (__DMA2Interrupt)?ABSOLUTE (__DMA2Interrupt):ABSOLUTE (__DefaultInterrupt) >> 0x10) & 0x7f)
                  0x001085          0x2 SHORT 0x0
                  0x001086          0x2 SHORT 0x2260 DEFINED (__OC3Interrupt)?ABSOLUTE (__OC3Interrupt):ABSOLUTE (__DefaultInterrupt)
                  0x001087          0x2 SHORT 0x4
                  0x001088          0x2 SHORT 0x0 ((DEFINED (__OC3Interrupt)?ABSOLUTE (__OC3Interrupt):ABSOLUTE (__DefaultInterrupt) >> 0x10) & 0x7f)
                  0x001089          0x2 SHORT 0x0
                  0x00108a          0x2 SHORT 0x2260 DEFINED (__OC4Interrupt)?ABSOLUTE (__OC4Interrupt):ABSOLUTE (__DefaultInterrupt)
                  0x00108b          0x2 SHORT 0x4
                  0x00108c          0x2 SHORT 0x0 ((DEFINED (__OC4Interrupt)?ABSOLUTE (__OC4Interrupt):ABSOLUTE (__DefaultInterrupt) >> 0x10) & 0x7f)
                  0x00108d          0x2 SHORT 0x0
                  0x00108e          0x2 SHORT 0x2260 DEFINED (__T4Interrupt)?ABSOLUTE (__T4Interrupt):ABSOLUTE (__DefaultInterrupt)
                  0x00108f          0x2 SHORT 0x4
                  0x001090          0x2 SHORT 0x0 ((DEFINED (__T4Interrupt)?ABSOLUTE (__T4Interrupt):ABSOLUTE (__DefaultInterrupt) >> 0x10) & 0x7f)
                  0x001091          0x2 SHORT 0x0
                  0x001092          0x2 SHORT 0x2260 DEFINED (__T5Interrupt)?ABSOLUTE (__T5Interrupt):ABSOLUTE (__DefaultInterrupt)
                  0x001093          0x2 SHORT 0x4
                  0x001094          0x2 SHORT 0x0 ((DEFINED (__T5Interrupt)?ABSOLUTE (__T5Interrupt):ABSOLUTE (__DefaultInterrupt) >> 0x10) & 0x7f)
                  0x001095          0x2 SHORT 0x0
                  0x001096          0x2 SHORT 0x2260 DEFINED (__INT2Interrupt)?ABSOLUTE (__INT2Interrupt):ABSOLUTE (__DefaultInterrupt)
                  0x001097          0x2 SHORT 0x4
                  0x001098          0x2 SHORT 0x0 ((DEFINED (__INT2Interrupt)?ABSOLUTE (__INT2Interrupt):ABSOLUTE (__DefaultInterrupt) >> 0x10) & 0x7f)
                  0x001099          0x2 SHORT 0x0
                  0x00109a          0x2 SHORT 0x2260 DEFINED (__U2RXInterrupt)?ABSOLUTE (__U2RXInterrupt):ABSOLUTE (__DefaultInterrupt)
                  0x00109b          0x2 SHORT 0x4
                  0x00109c          0x2 SHORT 0x0 ((DEFINED (__U2RXInterrupt)?ABSOLUTE (__U2RXInterrupt):ABSOLUTE (__DefaultInterrupt) >> 0x10) & 0x7f)
                  0x00109d          0x2 SHORT 0x0
                  0x00109e          0x2 SHORT 0x2260 DEFINED (__U2TXInterrupt)?ABSOLUTE (__U2TXInterrupt):ABSOLUTE (__DefaultInterrupt)
                  0x00109f          0x2 SHORT 0x4
                  0x0010a0          0x2 SHORT 0x0 ((DEFINED (__U2TXInterrupt)?ABSOLUTE (__U2TXInterrupt):ABSOLUTE (__DefaultInterrupt) >> 0x10) & 0x7f)
                  0x0010a1          0x2 SHORT 0x0
                  0x0010a2          0x2 SHORT 0x2260 DEFINED (__SPI2ErrInterrupt)?ABSOLUTE (__SPI2ErrInterrupt):ABSOLUTE (__DefaultInterrupt)
                  0x0010a3          0x2 SHORT 0x4
                  0x0010a4          0x2 SHORT 0x0 ((DEFINED (__SPI2ErrInterrupt)?ABSOLUTE (__SPI2ErrInterrupt):ABSOLUTE (__DefaultInterrupt) >> 0x10) & 0x7f)
                  0x0010a5          0x2 SHORT 0x0
                  0x0010a6          0x2 SHORT 0x2260 DEFINED (__SPI2Interrupt)?ABSOLUTE (__SPI2Interrupt):ABSOLUTE (__DefaultInterrupt)
                  0x0010a7          0x2 SHORT 0x4
                  0x0010a8          0x2 SHORT 0x0 ((DEFINED (__SPI2Interrupt)?ABSOLUTE (__SPI2Interrupt):ABSOLUTE (__DefaultInterrupt) >> 0x10) & 0x7f)
                  0x0010a9          0x2 SHORT 0x0
                  0x0010aa          0x2 SHORT 0x2260 DEFINED (__C1RxRdyInterrupt)?ABSOLUTE (__C1RxRdyInterrupt):ABSOLUTE (__DefaultInterrupt)
                  0x0010ab          0x2 SHORT 0x4
                  0x0010ac          0x2 SHORT 0x0 ((DEFINED (__C1RxRdyInterrupt)?ABSOLUTE (__C1RxRdyInterrupt):ABSOLUTE (__DefaultInterrupt) >> 0x10) & 0x7f)
                  0x0010ad          0x2 SHORT 0x0
                  0x0010ae          0x2 SHORT 0x2260 DEFINED (__C1Interrupt)?ABSOLUTE (__C1Interrupt):ABSOLUTE (__DefaultInterrupt)
                  0x0010af          0x2 SHORT 0x4
                  0x0010b0          0x2 SHORT 0x0 ((DEFINED (__C1Interrupt)?ABSOLUTE (__C1Interrupt):ABSOLUTE (__DefaultInterrupt) >> 0x10) & 0x7f)
                  0x0010b1          0x2 SHORT 0x0
                  0x0010b2          0x2 SHORT 0x2260 DEFINED (__DMA3Interrupt)?ABSOLUTE (__DMA3Interrupt):ABSOLUTE (__DefaultInterrupt)
                  0x0010b3          0x2 SHORT 0x4
                  0x0010b4          0x2 SHORT 0x0 ((DEFINED (__DMA3Interrupt)?ABSOLUTE (__DMA3Interrupt):ABSOLUTE (__DefaultInterrupt) >> 0x10) & 0x7f)
                  0x0010b5          0x2 SHORT 0x0
                  0x0010b6          0x2 SHORT 0x2260 DEFINED (__IC3Interrupt)?ABSOLUTE (__IC3Interrupt):ABSOLUTE (__DefaultInterrupt)
                  0x0010b7          0x2 SHORT 0x4
                  0x0010b8          0x2 SHORT 0x0 ((DEFINED (__IC3Interrupt)?ABSOLUTE (__IC3Interrupt):ABSOLUTE (__DefaultInterrupt) >> 0x10) & 0x7f)
                  0x0010b9          0x2 SHORT 0x0
                  0x0010ba          0x2 SHORT 0x2260 DEFINED (__IC4Interrupt)?ABSOLUTE (__IC4Interrupt):ABSOLUTE (__DefaultInterrupt)
                  0x0010bb          0x2 SHORT 0x4
                  0x0010bc          0x2 SHORT 0x0 ((DEFINED (__IC4Interrupt)?ABSOLUTE (__IC4Interrupt):ABSOLUTE (__DefaultInterrupt) >> 0x10) & 0x7f)
                  0x0010bd          0x2 SHORT 0x0
                  0x0010be          0x2 SHORT 0x2260 DEFINED (__Interrupt39)?ABSOLUTE (__Interrupt39):ABSOLUTE (__DefaultInterrupt)
                  0x0010bf          0x2 SHORT 0x4
                  0x0010c0          0x2 SHORT 0x0 ((DEFINED (__Interrupt39)?ABSOLUTE (__Interrupt39):ABSOLUTE (__DefaultInterrupt) >> 0x10) & 0x7f)
                  0x0010c1          0x2 SHORT 0x0
                  0x0010c2          0x2 SHORT 0x2260 DEFINED (__Interrupt40)?ABSOLUTE (__Interrupt40):ABSOLUTE (__DefaultInterrupt)
                  0x0010c3          0x2 SHORT 0x4
                  0x0010c4          0x2 SHORT 0x0 ((DEFINED (__Interrupt40)?ABSOLUTE (__Interrupt40):ABSOLUTE (__DefaultInterrupt) >> 0x10) & 0x7f)
                  0x0010c5          0x2 SHORT 0x0
                  0x0010c6          0x2 SHORT 0x2260 DEFINED (__Interrupt41)?ABSOLUTE (__Interrupt41):ABSOLUTE (__DefaultInterrupt)
                  0x0010c7          0x2 SHORT 0x4
                  0x0010c8          0x2 SHORT 0x0 ((DEFINED (__Interrupt41)?ABSOLUTE (__Interrupt41):ABSOLUTE (__DefaultInterrupt) >> 0x10) & 0x7f)
                  0x0010c9          0x2 SHORT 0x0
                  0x0010ca          0x2 SHORT 0x2260 DEFINED (__Interrupt42)?ABSOLUTE (__Interrupt42):ABSOLUTE (__DefaultInterrupt)
                  0x0010cb          0x2 SHORT 0x4
                  0x0010cc          0x2 SHORT 0x0 ((DEFINED (__Interrupt42)?ABSOLUTE (__Interrupt42):ABSOLUTE (__DefaultInterrupt) >> 0x10) & 0x7f)
                  0x0010cd          0x2 SHORT 0x0
                  0x0010ce          0x2 SHORT 0x2260 DEFINED (__Interrupt43)?ABSOLUTE (__Interrupt43):ABSOLUTE (__DefaultInterrupt)
                  0x0010cf          0x2 SHORT 0x4
                  0x0010d0          0x2 SHORT 0x0 ((DEFINED (__Interrupt43)?ABSOLUTE (__Interrupt43):ABSOLUTE (__DefaultInterrupt) >> 0x10) & 0x7f)
                  0x0010d1          0x2 SHORT 0x0
                  0x0010d2          0x2 SHORT 0x2260 DEFINED (__Interrupt44)?ABSOLUTE (__Interrupt44):ABSOLUTE (__DefaultInterrupt)
                  0x0010d3          0x2 SHORT 0x4
                  0x0010d4          0x2 SHORT 0x0 ((DEFINED (__Interrupt44)?ABSOLUTE (__Interrupt44):ABSOLUTE (__DefaultInterrupt) >> 0x10) & 0x7f)
                  0x0010d5          0x2 SHORT 0x0
                  0x0010d6          0x2 SHORT 0x2260 DEFINED (__Interrupt45)?ABSOLUTE (__Interrupt45):ABSOLUTE (__DefaultInterrupt)
                  0x0010d7          0x2 SHORT 0x4
                  0x0010d8          0x2 SHORT 0x0 ((DEFINED (__Interrupt45)?ABSOLUTE (__Interrupt45):ABSOLUTE (__DefaultInterrupt) >> 0x10) & 0x7f)
                  0x0010d9          0x2 SHORT 0x0
                  0x0010da          0x2 SHORT 0x2260 DEFINED (__Interrupt46)?ABSOLUTE (__Interrupt46):ABSOLUTE (__DefaultInterrupt)
                  0x0010db          0x2 SHORT 0x4
                  0x0010dc          0x2 SHORT 0x0 ((DEFINED (__Interrupt46)?ABSOLUTE (__Interrupt46):ABSOLUTE (__DefaultInterrupt) >> 0x10) & 0x7f)
                  0x0010dd          0x2 SHORT 0x0
                  0x0010de          0x2 SHORT 0x2260 DEFINED (__Interrupt47)?ABSOLUTE (__Interrupt47):ABSOLUTE (__DefaultInterrupt)
                  0x0010df          0x2 SHORT 0x4
                  0x0010e0          0x2 SHORT 0x0 ((DEFINED (__Interrupt47)?ABSOLUTE (__Interrupt47):ABSOLUTE (__DefaultInterrupt) >> 0x10) & 0x7f)
                  0x0010e1          0x2 SHORT 0x0
                  0x0010e2          0x2 SHORT 0x2260 DEFINED (__Interrupt48)?ABSOLUTE (__Interrupt48):ABSOLUTE (__DefaultInterrupt)
                  0x0010e3          0x2 SHORT 0x4
                  0x0010e4          0x2 SHORT 0x0 ((DEFINED (__Interrupt48)?ABSOLUTE (__Interrupt48):ABSOLUTE (__DefaultInterrupt) >> 0x10) & 0x7f)
                  0x0010e5          0x2 SHORT 0x0
                  0x0010e6          0x2 SHORT 0x2260 DEFINED (__SI2C2Interrupt)?ABSOLUTE (__SI2C2Interrupt):ABSOLUTE (__DefaultInterrupt)
                  0x0010e7          0x2 SHORT 0x4
                  0x0010e8          0x2 SHORT 0x0 ((DEFINED (__SI2C2Interrupt)?ABSOLUTE (__SI2C2Interrupt):ABSOLUTE (__DefaultInterrupt) >> 0x10) & 0x7f)
                  0x0010e9          0x2 SHORT 0x0
                  0x0010ea          0x2 SHORT 0x2260 DEFINED (__MI2C2Interrupt)?ABSOLUTE (__MI2C2Interrupt):ABSOLUTE (__DefaultInterrupt)
                  0x0010eb          0x2 SHORT 0x4
                  0x0010ec          0x2 SHORT 0x0 ((DEFINED (__MI2C2Interrupt)?ABSOLUTE (__MI2C2Interrupt):ABSOLUTE (__DefaultInterrupt) >> 0x10) & 0x7f)
                  0x0010ed          0x2 SHORT 0x0
                  0x0010ee          0x2 SHORT 0x2260 DEFINED (__Interrupt51)?ABSOLUTE (__Interrupt51):ABSOLUTE (__DefaultInterrupt)
                  0x0010ef          0x2 SHORT 0x4
                  0x0010f0          0x2 SHORT 0x0 ((DEFINED (__Interrupt51)?ABSOLUTE (__Interrupt51):ABSOLUTE (__DefaultInterrupt) >> 0x10) & 0x7f)
                  0x0010f1          0x2 SHORT 0x0
                  0x0010f2          0x2 SHORT 0x2260 DEFINED (__Interrupt52)?ABSOLUTE (__Interrupt52):ABSOLUTE (__DefaultInterrupt)
                  0x0010f3          0x2 SHORT 0x4
                  0x0010f4          0x2 SHORT 0x0 ((DEFINED (__Interrupt52)?ABSOLUTE (__Interrupt52):ABSOLUTE (__DefaultInterrupt) >> 0x10) & 0x7f)
                  0x0010f5          0x2 SHORT 0x0
                  0x0010f6          0x2 SHORT 0x2260 DEFINED (__Interrupt53)?ABSOLUTE (__Interrupt53):ABSOLUTE (__DefaultInterrupt)
                  0x0010f7          0x2 SHORT 0x4
                  0x0010f8          0x2 SHORT 0x0 ((DEFINED (__Interrupt53)?ABSOLUTE (__Interrupt53):ABSOLUTE (__DefaultInterrupt) >> 0x10) & 0x7f)
                  0x0010f9          0x2 SHORT 0x0
                  0x0010fa          0x2 SHORT 0x2260 DEFINED (__Interrupt54)?ABSOLUTE (__Interrupt54):ABSOLUTE (__DefaultInterrupt)
                  0x0010fb          0x2 SHORT 0x4
                  0x0010fc          0x2 SHORT 0x0 ((DEFINED (__Interrupt54)?ABSOLUTE (__Interrupt54):ABSOLUTE (__DefaultInterrupt) >> 0x10) & 0x7f)
                  0x0010fd          0x2 SHORT 0x0
                  0x0010fe          0x2 SHORT 0x2260 DEFINED (__Interrupt55)?ABSOLUTE (__Interrupt55):ABSOLUTE (__DefaultInterrupt)
                  0x0010ff          0x2 SHORT 0x4
                  0x001100          0x2 SHORT 0x0 ((DEFINED (__Interrupt55)?ABSOLUTE (__Interrupt55):ABSOLUTE (__DefaultInterrupt) >> 0x10) & 0x7f)
                  0x001101          0x2 SHORT 0x0
                  0x001102          0x2 SHORT 0x2260 DEFINED (__Interrupt56)?ABSOLUTE (__Interrupt56):ABSOLUTE (__DefaultInterrupt)
                  0x001103          0x2 SHORT 0x4
                  0x001104          0x2 SHORT 0x0 ((DEFINED (__Interrupt56)?ABSOLUTE (__Interrupt56):ABSOLUTE (__DefaultInterrupt) >> 0x10) & 0x7f)
                  0x001105          0x2 SHORT 0x0
                  0x001106          0x2 SHORT 0x2260 DEFINED (__Interrupt57)?ABSOLUTE (__Interrupt57):ABSOLUTE (__DefaultInterrupt)
                  0x001107          0x2 SHORT 0x4
                  0x001108          0x2 SHORT 0x0 ((DEFINED (__Interrupt57)?ABSOLUTE (__Interrupt57):ABSOLUTE (__DefaultInterrupt) >> 0x10) & 0x7f)
                  0x001109          0x2 SHORT 0x0
                  0x00110a          0x2 SHORT 0x2260 DEFINED (__Interrupt58)?ABSOLUTE (__Interrupt58):ABSOLUTE (__DefaultInterrupt)
                  0x00110b          0x2 SHORT 0x4
                  0x00110c          0x2 SHORT 0x0 ((DEFINED (__Interrupt58)?ABSOLUTE (__Interrupt58):ABSOLUTE (__DefaultInterrupt) >> 0x10) & 0x7f)
                  0x00110d          0x2 SHORT 0x0
                  0x00110e          0x2 SHORT 0x2260 DEFINED (__Interrupt59)?ABSOLUTE (__Interrupt59):ABSOLUTE (__DefaultInterrupt)
                  0x00110f          0x2 SHORT 0x4
                  0x001110          0x2 SHORT 0x0 ((DEFINED (__Interrupt59)?ABSOLUTE (__Interrupt59):ABSOLUTE (__DefaultInterrupt) >> 0x10) & 0x7f)
                  0x001111          0x2 SHORT 0x0
                  0x001112          0x2 SHORT 0x2260 DEFINED (__Interrupt60)?ABSOLUTE (__Interrupt60):ABSOLUTE (__DefaultInterrupt)
                  0x001113          0x2 SHORT 0x4
                  0x001114          0x2 SHORT 0x0 ((DEFINED (__Interrupt60)?ABSOLUTE (__Interrupt60):ABSOLUTE (__DefaultInterrupt) >> 0x10) & 0x7f)
                  0x001115          0x2 SHORT 0x0
                  0x001116          0x2 SHORT 0x2260 DEFINED (__Interrupt61)?ABSOLUTE (__Interrupt61):ABSOLUTE (__DefaultInterrupt)
                  0x001117          0x2 SHORT 0x4
                  0x001118          0x2 SHORT 0x0 ((DEFINED (__Interrupt61)?ABSOLUTE (__Interrupt61):ABSOLUTE (__DefaultInterrupt) >> 0x10) & 0x7f)
                  0x001119          0x2 SHORT 0x0
                  0x00111a          0x2 SHORT 0x2260 DEFINED (__Interrupt62)?ABSOLUTE (__Interrupt62):ABSOLUTE (__DefaultInterrupt)
                  0x00111b          0x2 SHORT 0x4
                  0x00111c          0x2 SHORT 0x0 ((DEFINED (__Interrupt62)?ABSOLUTE (__Interrupt62):ABSOLUTE (__DefaultInterrupt) >> 0x10) & 0x7f)
                  0x00111d          0x2 SHORT 0x0
                  0x00111e          0x2 SHORT 0x2260 DEFINED (__Interrupt63)?ABSOLUTE (__Interrupt63):ABSOLUTE (__DefaultInterrupt)
                  0x00111f          0x2 SHORT 0x4
                  0x001120          0x2 SHORT 0x0 ((DEFINED (__Interrupt63)?ABSOLUTE (__Interrupt63):ABSOLUTE (__DefaultInterrupt) >> 0x10) & 0x7f)
                  0x001121          0x2 SHORT 0x0
                  0x001122          0x2 SHORT 0x2260 DEFINED (__Interrupt64)?ABSOLUTE (__Interrupt64):ABSOLUTE (__DefaultInterrupt)
                  0x001123          0x2 SHORT 0x4
                  0x001124          0x2 SHORT 0x0 ((DEFINED (__Interrupt64)?ABSOLUTE (__Interrupt64):ABSOLUTE (__DefaultInterrupt) >> 0x10) & 0x7f)
                  0x001125          0x2 SHORT 0x0
                  0x001126          0x2 SHORT 0x2260 DEFINED (__U1ErrInterrupt)?ABSOLUTE (__U1ErrInterrupt):ABSOLUTE (__DefaultInterrupt)
                  0x001127          0x2 SHORT 0x4
                  0x001128          0x2 SHORT 0x0 ((DEFINED (__U1ErrInterrupt)?ABSOLUTE (__U1ErrInterrupt):ABSOLUTE (__DefaultInterrupt) >> 0x10) & 0x7f)
                  0x001129          0x2 SHORT 0x0
                  0x00112a          0x2 SHORT 0x2260 DEFINED (__U2ErrInterrupt)?ABSOLUTE (__U2ErrInterrupt):ABSOLUTE (__DefaultInterrupt)
                  0x00112b          0x2 SHORT 0x4
                  0x00112c          0x2 SHORT 0x0 ((DEFINED (__U2ErrInterrupt)?ABSOLUTE (__U2ErrInterrupt):ABSOLUTE (__DefaultInterrupt) >> 0x10) & 0x7f)
                  0x00112d          0x2 SHORT 0x0
                  0x00112e          0x2 SHORT 0x2260 DEFINED (__CRCInterrupt)?ABSOLUTE (__CRCInterrupt):ABSOLUTE (__DefaultInterrupt)
                  0x00112f          0x2 SHORT 0x4
                  0x001130          0x2 SHORT 0x0 ((DEFINED (__CRCInterrupt)?ABSOLUTE (__CRCInterrupt):ABSOLUTE (__DefaultInterrupt) >> 0x10) & 0x7f)
                  0x001131          0x2 SHORT 0x0
                  0x001132          0x2 SHORT 0x2260 DEFINED (__Interrupt68)?ABSOLUTE (__Interrupt68):ABSOLUTE (__DefaultInterrupt)
                  0x001133          0x2 SHORT 0x4
                  0x001134          0x2 SHORT 0x0 ((DEFINED (__Interrupt68)?ABSOLUTE (__Interrupt68):ABSOLUTE (__DefaultInterrupt) >> 0x10) & 0x7f)
                  0x001135          0x2 SHORT 0x0
                  0x001136          0x2 SHORT 0x2260 DEFINED (__Interrupt69)?ABSOLUTE (__Interrupt69):ABSOLUTE (__DefaultInterrupt)
                  0x001137          0x2 SHORT 0x4
                  0x001138          0x2 SHORT 0x0 ((DEFINED (__Interrupt69)?ABSOLUTE (__Interrupt69):ABSOLUTE (__DefaultInterrupt) >> 0x10) & 0x7f)
                  0x001139          0x2 SHORT 0x0
                  0x00113a          0x2 SHORT 0x2260 DEFINED (__C1TxReqInterrupt)?ABSOLUTE (__C1TxReqInterrupt):ABSOLUTE (__DefaultInterrupt)
                  0x00113b          0x2 SHORT 0x4
                  0x00113c          0x2 SHORT 0x0 ((DEFINED (__C1TxReqInterrupt)?ABSOLUTE (__C1TxReqInterrupt):ABSOLUTE (__DefaultInterrupt) >> 0x10) & 0x7f)
                  0x00113d          0x2 SHORT 0x0
                  0x00113e          0x2 SHORT 0x2260 DEFINED (__Interrupt71)?ABSOLUTE (__Interrupt71):ABSOLUTE (__DefaultInterrupt)
                  0x00113f          0x2 SHORT 0x4
                  0x001140          0x2 SHORT 0x0 ((DEFINED (__Interrupt71)?ABSOLUTE (__Interrupt71):ABSOLUTE (__DefaultInterrupt) >> 0x10) & 0x7f)
                  0x001141          0x2 SHORT 0x0
                  0x001142          0x2 SHORT 0x2260 DEFINED (__Interrupt72)?ABSOLUTE (__Interrupt72):ABSOLUTE (__DefaultInterrupt)
                  0x001143          0x2 SHORT 0x4
                  0x001144          0x2 SHORT 0x0 ((DEFINED (__Interrupt72)?ABSOLUTE (__Interrupt72):ABSOLUTE (__DefaultInterrupt) >> 0x10) & 0x7f)
                  0x001145          0x2 SHORT 0x0
                  0x001146          0x2 SHORT 0x2260 DEFINED (__Interrupt73)?ABSOLUTE (__Interrupt73):ABSOLUTE (__DefaultInterrupt)
                  0x001147          0x2 SHORT 0x4
                  0x001148          0x2 SHORT 0x0 ((DEFINED (__Interrupt73)?ABSOLUTE (__Interrupt73):ABSOLUTE (__DefaultInterrupt) >> 0x10) & 0x7f)
                  0x001149          0x2 SHORT 0x0
                  0x00114a          0x2 SHORT 0x2260 DEFINED (__Interrupt74)?ABSOLUTE (__Interrupt74):ABSOLUTE (__DefaultInterrupt)
                  0x00114b          0x2 SHORT 0x4
                  0x00114c          0x2 SHORT 0x0 ((DEFINED (__Interrupt74)?ABSOLUTE (__Interrupt74):ABSOLUTE (__DefaultInterrupt) >> 0x10) & 0x7f)
                  0x00114d          0x2 SHORT 0x0
                  0x00114e          0x2 SHORT 0x2260 DEFINED (__Interrupt75)?ABSOLUTE (__Interrupt75):ABSOLUTE (__DefaultInterrupt)
                  0x00114f          0x2 SHORT 0x4
                  0x001150          0x2 SHORT 0x0 ((DEFINED (__Interrupt75)?ABSOLUTE (__Interrupt75):ABSOLUTE (__DefaultInterrupt) >> 0x10) & 0x7f)
                  0x001151          0x2 SHORT 0x0
                  0x001152          0x2 SHORT 0x2260 DEFINED (__Interrupt76)?ABSOLUTE (__Interrupt76):ABSOLUTE (__DefaultInterrupt)
                  0x001153          0x2 SHORT 0x4
                  0x001154          0x2 SHORT 0x0 ((DEFINED (__Interrupt76)?ABSOLUTE (__Interrupt76):ABSOLUTE (__DefaultInterrupt) >> 0x10) & 0x7f)
                  0x001155          0x2 SHORT 0x0
                  0x001156          0x2 SHORT 0x2260 DEFINED (__CTMUInterrupt)?ABSOLUTE (__CTMUInterrupt):ABSOLUTE (__DefaultInterrupt)
                  0x001157          0x2 SHORT 0x4
                  0x001158          0x2 SHORT 0x0 ((DEFINED (__CTMUInterrupt)?ABSOLUTE (__CTMUInterrupt):ABSOLUTE (__DefaultInterrupt) >> 0x10) & 0x7f)
                  0x001159          0x2 SHORT 0x0
                  0x00115a          0x2 SHORT 0x2260 DEFINED (__Interrupt78)?ABSOLUTE (__Interrupt78):ABSOLUTE (__DefaultInterrupt)
                  0x00115b          0x2 SHORT 0x4
                  0x00115c          0x2 SHORT 0x0 ((DEFINED (__Interrupt78)?ABSOLUTE (__Interrupt78):ABSOLUTE (__DefaultInterrupt) >> 0x10) & 0x7f)
                  0x00115d          0x2 SHORT 0x0
                  0x00115e          0x2 SHORT 0x2260 DEFINED (__Interrupt79)?ABSOLUTE (__Interrupt79):ABSOLUTE (__DefaultInterrupt)
                  0x00115f          0x2 SHORT 0x4
                  0x001160          0x2 SHORT 0x0 ((DEFINED (__Interrupt79)?ABSOLUTE (__Interrupt79):ABSOLUTE (__DefaultInterrupt) >> 0x10) & 0x7f)
                  0x001161          0x2 SHORT 0x0
                  0x001162          0x2 SHORT 0x2260 DEFINED (__Interrupt80)?ABSOLUTE (__Interrupt80):ABSOLUTE (__DefaultInterrupt)
                  0x001163          0x2 SHORT 0x4
                  0x001164          0x2 SHORT 0x0 ((DEFINED (__Interrupt80)?ABSOLUTE (__Interrupt80):ABSOLUTE (__DefaultInterrupt) >> 0x10) & 0x7f)
                  0x001165          0x2 SHORT 0x0
                  0x001166          0x2 SHORT 0x2260 DEFINED (__Interrupt81)?ABSOLUTE (__Interrupt81):ABSOLUTE (__DefaultInterrupt)
                  0x001167          0x2 SHORT 0x4
                  0x001168          0x2 SHORT 0x0 ((DEFINED (__Interrupt81)?ABSOLUTE (__Interrupt81):ABSOLUTE (__DefaultInterrupt) >> 0x10) & 0x7f)
                  0x001169          0x2 SHORT 0x0
                  0x00116a          0x2 SHORT 0x2260 DEFINED (__Interrupt82)?ABSOLUTE (__Interrupt82):ABSOLUTE (__DefaultInterrupt)
                  0x00116b          0x2 SHORT 0x4
                  0x00116c          0x2 SHORT 0x0 ((DEFINED (__Interrupt82)?ABSOLUTE (__Interrupt82):ABSOLUTE (__DefaultInterrupt) >> 0x10) & 0x7f)
                  0x00116d          0x2 SHORT 0x0
                  0x00116e          0x2 SHORT 0x2260 DEFINED (__Interrupt83)?ABSOLUTE (__Interrupt83):ABSOLUTE (__DefaultInterrupt)
                  0x00116f          0x2 SHORT 0x4
                  0x001170          0x2 SHORT 0x0 ((DEFINED (__Interrupt83)?ABSOLUTE (__Interrupt83):ABSOLUTE (__DefaultInterrupt) >> 0x10) & 0x7f)
                  0x001171          0x2 SHORT 0x0
                  0x001172          0x2 SHORT 0x2260 DEFINED (__Interrupt84)?ABSOLUTE (__Interrupt84):ABSOLUTE (__DefaultInterrupt)
                  0x001173          0x2 SHORT 0x4
                  0x001174          0x2 SHORT 0x0 ((DEFINED (__Interrupt84)?ABSOLUTE (__Interrupt84):ABSOLUTE (__DefaultInterrupt) >> 0x10) & 0x7f)
                  0x001175          0x2 SHORT 0x0
                  0x001176          0x2 SHORT 0x2260 DEFINED (__Interrupt85)?ABSOLUTE (__Interrupt85):ABSOLUTE (__DefaultInterrupt)
                  0x001177          0x2 SHORT 0x4
                  0x001178          0x2 SHORT 0x0 ((DEFINED (__Interrupt85)?ABSOLUTE (__Interrupt85):ABSOLUTE (__DefaultInterrupt) >> 0x10) & 0x7f)
                  0x001179          0x2 SHORT 0x0
                  0x00117a          0x2 SHORT 0x2260 DEFINED (__Interrupt86)?ABSOLUTE (__Interrupt86):ABSOLUTE (__DefaultInterrupt)
                  0x00117b          0x2 SHORT 0x4
                  0x00117c          0x2 SHORT 0x0 ((DEFINED (__Interrupt86)?ABSOLUTE (__Interrupt86):ABSOLUTE (__DefaultInterrupt) >> 0x10) & 0x7f)
                  0x00117d          0x2 SHORT 0x0
                  0x00117e          0x2 SHORT 0x2260 DEFINED (__Interrupt87)?ABSOLUTE (__Interrupt87):ABSOLUTE (__DefaultInterrupt)
                  0x00117f          0x2 SHORT 0x4
                  0x001180          0x2 SHORT 0x0 ((DEFINED (__Interrupt87)?ABSOLUTE (__Interrupt87):ABSOLUTE (__DefaultInterrupt) >> 0x10) & 0x7f)
                  0x001181          0x2 SHORT 0x0
                  0x001182          0x2 SHORT 0x2260 DEFINED (__Interrupt88)?ABSOLUTE (__Interrupt88):ABSOLUTE (__DefaultInterrupt)
                  0x001183          0x2 SHORT 0x4
                  0x001184          0x2 SHORT 0x0 ((DEFINED (__Interrupt88)?ABSOLUTE (__Interrupt88):ABSOLUTE (__DefaultInterrupt) >> 0x10) & 0x7f)
                  0x001185          0x2 SHORT 0x0
                  0x001186          0x2 SHORT 0x2260 DEFINED (__Interrupt89)?ABSOLUTE (__Interrupt89):ABSOLUTE (__DefaultInterrupt)
                  0x001187          0x2 SHORT 0x4
                  0x001188          0x2 SHORT 0x0 ((DEFINED (__Interrupt89)?ABSOLUTE (__Interrupt89):ABSOLUTE (__DefaultInterrupt) >> 0x10) & 0x7f)
                  0x001189          0x2 SHORT 0x0
                  0x00118a          0x2 SHORT 0x2260 DEFINED (__Interrupt90)?ABSOLUTE (__Interrupt90):ABSOLUTE (__DefaultInterrupt)
                  0x00118b          0x2 SHORT 0x4
                  0x00118c          0x2 SHORT 0x0 ((DEFINED (__Interrupt90)?ABSOLUTE (__Interrupt90):ABSOLUTE (__DefaultInterrupt) >> 0x10) & 0x7f)
                  0x00118d          0x2 SHORT 0x0
                  0x00118e          0x2 SHORT 0x2260 DEFINED (__Interrupt91)?ABSOLUTE (__Interrupt91):ABSOLUTE (__DefaultInterrupt)
                  0x00118f          0x2 SHORT 0x4
                  0x001190          0x2 SHORT 0x0 ((DEFINED (__Interrupt91)?ABSOLUTE (__Interrupt91):ABSOLUTE (__DefaultInterrupt) >> 0x10) & 0x7f)
                  0x001191          0x2 SHORT 0x0
                  0x001192          0x2 SHORT 0x2260 DEFINED (__Interrupt92)?ABSOLUTE (__Interrupt92):ABSOLUTE (__DefaultInterrupt)
                  0x001193          0x2 SHORT 0x4
                  0x001194          0x2 SHORT 0x0 ((DEFINED (__Interrupt92)?ABSOLUTE (__Interrupt92):ABSOLUTE (__DefaultInterrupt) >> 0x10) & 0x7f)
                  0x001195          0x2 SHORT 0x0
                  0x001196          0x2 SHORT 0x2260 DEFINED (__Interrupt93)?ABSOLUTE (__Interrupt93):ABSOLUTE (__DefaultInterrupt)
                  0x001197          0x2 SHORT 0x4
                  0x001198          0x2 SHORT 0x0 ((DEFINED (__Interrupt93)?ABSOLUTE (__Interrupt93):ABSOLUTE (__DefaultInterrupt) >> 0x10) & 0x7f)
                  0x001199          0x2 SHORT 0x0
                  0x00119a          0x2 SHORT 0x2260 DEFINED (__Interrupt94)?ABSOLUTE (__Interrupt94):ABSOLUTE (__DefaultInterrupt)
                  0x00119b          0x2 SHORT 0x4
                  0x00119c          0x2 SHORT 0x0 ((DEFINED (__Interrupt94)?ABSOLUTE (__Interrupt94):ABSOLUTE (__DefaultInterrupt) >> 0x10) & 0x7f)
                  0x00119d          0x2 SHORT 0x0
                  0x00119e          0x2 SHORT 0x2260 DEFINED (__Interrupt95)?ABSOLUTE (__Interrupt95):ABSOLUTE (__DefaultInterrupt)
                  0x00119f          0x2 SHORT 0x4
                  0x0011a0          0x2 SHORT 0x0 ((DEFINED (__Interrupt95)?ABSOLUTE (__Interrupt95):ABSOLUTE (__DefaultInterrupt) >> 0x10) & 0x7f)
                  0x0011a1          0x2 SHORT 0x0
                  0x0011a2          0x2 SHORT 0x2260 DEFINED (__Interrupt96)?ABSOLUTE (__Interrupt96):ABSOLUTE (__DefaultInterrupt)
                  0x0011a3          0x2 SHORT 0x4
                  0x0011a4          0x2 SHORT 0x0 ((DEFINED (__Interrupt96)?ABSOLUTE (__Interrupt96):ABSOLUTE (__DefaultInterrupt) >> 0x10) & 0x7f)
                  0x0011a5          0x2 SHORT 0x0
                  0x0011a6          0x2 SHORT 0x2260 DEFINED (__Interrupt97)?ABSOLUTE (__Interrupt97):ABSOLUTE (__DefaultInterrupt)
                  0x0011a7          0x2 SHORT 0x4
                  0x0011a8          0x2 SHORT 0x0 ((DEFINED (__Interrupt97)?ABSOLUTE (__Interrupt97):ABSOLUTE (__DefaultInterrupt) >> 0x10) & 0x7f)
                  0x0011a9          0x2 SHORT 0x0
                  0x0011aa          0x2 SHORT 0x2260 DEFINED (__Interrupt98)?ABSOLUTE (__Interrupt98):ABSOLUTE (__DefaultInterrupt)
                  0x0011ab          0x2 SHORT 0x4
                  0x0011ac          0x2 SHORT 0x0 ((DEFINED (__Interrupt98)?ABSOLUTE (__Interrupt98):ABSOLUTE (__DefaultInterrupt) >> 0x10) & 0x7f)
                  0x0011ad          0x2 SHORT 0x0
                  0x0011ae          0x2 SHORT 0x2260 DEFINED (__Interrupt99)?ABSOLUTE (__Interrupt99):ABSOLUTE (__DefaultInterrupt)
                  0x0011af          0x2 SHORT 0x4
                  0x0011b0          0x2 SHORT 0x0 ((DEFINED (__Interrupt99)?ABSOLUTE (__Interrupt99):ABSOLUTE (__DefaultInterrupt) >> 0x10) & 0x7f)
                  0x0011b1          0x2 SHORT 0x0
                  0x0011b2          0x2 SHORT 0x2260 DEFINED (__Interrupt100)?ABSOLUTE (__Interrupt100):ABSOLUTE (__DefaultInterrupt)
                  0x0011b3          0x2 SHORT 0x4
                  0x0011b4          0x2 SHORT 0x0 ((DEFINED (__Interrupt100)?ABSOLUTE (__Interrupt100):ABSOLUTE (__DefaultInterrupt) >> 0x10) & 0x7f)
                  0x0011b5          0x2 SHORT 0x0
                  0x0011b6          0x2 SHORT 0x2260 DEFINED (__Interrupt101)?ABSOLUTE (__Interrupt101):ABSOLUTE (__DefaultInterrupt)
                  0x0011b7          0x2 SHORT 0x4
                  0x0011b8          0x2 SHORT 0x0 ((DEFINED (__Interrupt101)?ABSOLUTE (__Interrupt101):ABSOLUTE (__DefaultInterrupt) >> 0x10) & 0x7f)
                  0x0011b9          0x2 SHORT 0x0
                  0x0011ba          0x2 SHORT 0x2260 DEFINED (__Interrupt102)?ABSOLUTE (__Interrupt102):ABSOLUTE (__DefaultInterrupt)
                  0x0011bb          0x2 SHORT 0x4
                  0x0011bc          0x2 SHORT 0x0 ((DEFINED (__Interrupt102)?ABSOLUTE (__Interrupt102):ABSOLUTE (__DefaultInterrupt) >> 0x10) & 0x7f)
                  0x0011bd          0x2 SHORT 0x0
                  0x0011be          0x2 SHORT 0x2260 DEFINED (__Interrupt103)?ABSOLUTE (__Interrupt103):ABSOLUTE (__DefaultInterrupt)
                  0x0011bf          0x2 SHORT 0x4
                  0x0011c0          0x2 SHORT 0x0 ((DEFINED (__Interrupt103)?ABSOLUTE (__Interrupt103):ABSOLUTE (__DefaultInterrupt) >> 0x10) & 0x7f)
                  0x0011c1          0x2 SHORT 0x0
                  0x0011c2          0x2 SHORT 0x2260 DEFINED (__Interrupt104)?ABSOLUTE (__Interrupt104):ABSOLUTE (__DefaultInterrupt)
                  0x0011c3          0x2 SHORT 0x4
                  0x0011c4          0x2 SHORT 0x0 ((DEFINED (__Interrupt104)?ABSOLUTE (__Interrupt104):ABSOLUTE (__DefaultInterrupt) >> 0x10) & 0x7f)
                  0x0011c5          0x2 SHORT 0x0
                  0x0011c6          0x2 SHORT 0x2260 DEFINED (__Interrupt105)?ABSOLUTE (__Interrupt105):ABSOLUTE (__DefaultInterrupt)
                  0x0011c7          0x2 SHORT 0x4
                  0x0011c8          0x2 SHORT 0x0 ((DEFINED (__Interrupt105)?ABSOLUTE (__Interrupt105):ABSOLUTE (__DefaultInterrupt) >> 0x10) & 0x7f)
                  0x0011c9          0x2 SHORT 0x0
                  0x0011ca          0x2 SHORT 0x2260 DEFINED (__Interrupt106)?ABSOLUTE (__Interrupt106):ABSOLUTE (__DefaultInterrupt)
                  0x0011cb          0x2 SHORT 0x4
                  0x0011cc          0x2 SHORT 0x0 ((DEFINED (__Interrupt106)?ABSOLUTE (__Interrupt106):ABSOLUTE (__DefaultInterrupt) >> 0x10) & 0x7f)
                  0x0011cd          0x2 SHORT 0x0
                  0x0011ce          0x2 SHORT 0x2260 DEFINED (__Interrupt107)?ABSOLUTE (__Interrupt107):ABSOLUTE (__DefaultInterrupt)
                  0x0011cf          0x2 SHORT 0x4
                  0x0011d0          0x2 SHORT 0x0 ((DEFINED (__Interrupt107)?ABSOLUTE (__Interrupt107):ABSOLUTE (__DefaultInterrupt) >> 0x10) & 0x7f)
                  0x0011d1          0x2 SHORT 0x0
                  0x0011d2          0x2 SHORT 0x2260 DEFINED (__Interrupt108)?ABSOLUTE (__Interrupt108):ABSOLUTE (__DefaultInterrupt)
                  0x0011d3          0x2 SHORT 0x4
                  0x0011d4          0x2 SHORT 0x0 ((DEFINED (__Interrupt108)?ABSOLUTE (__Interrupt108):ABSOLUTE (__DefaultInterrupt) >> 0x10) & 0x7f)
                  0x0011d5          0x2 SHORT 0x0
                  0x0011d6          0x2 SHORT 0x2260 DEFINED (__Interrupt109)?ABSOLUTE (__Interrupt109):ABSOLUTE (__DefaultInterrupt)
                  0x0011d7          0x2 SHORT 0x4
                  0x0011d8          0x2 SHORT 0x0 ((DEFINED (__Interrupt109)?ABSOLUTE (__Interrupt109):ABSOLUTE (__DefaultInterrupt) >> 0x10) & 0x7f)
                  0x0011d9          0x2 SHORT 0x0
                  0x0011da          0x2 SHORT 0x2260 DEFINED (__Interrupt110)?ABSOLUTE (__Interrupt110):ABSOLUTE (__DefaultInterrupt)
                  0x0011db          0x2 SHORT 0x4
                  0x0011dc          0x2 SHORT 0x0 ((DEFINED (__Interrupt110)?ABSOLUTE (__Interrupt110):ABSOLUTE (__DefaultInterrupt) >> 0x10) & 0x7f)
                  0x0011dd          0x2 SHORT 0x0
                  0x0011de          0x2 SHORT 0x2260 DEFINED (__Interrupt111)?ABSOLUTE (__Interrupt111):ABSOLUTE (__DefaultInterrupt)
                  0x0011df          0x2 SHORT 0x4
                  0x0011e0          0x2 SHORT 0x0 ((DEFINED (__Interrupt111)?ABSOLUTE (__Interrupt111):ABSOLUTE (__DefaultInterrupt) >> 0x10) & 0x7f)
                  0x0011e1          0x2 SHORT 0x0
                  0x0011e2          0x2 SHORT 0x2260 DEFINED (__Interrupt112)?ABSOLUTE (__Interrupt112):ABSOLUTE (__DefaultInterrupt)
                  0x0011e3          0x2 SHORT 0x4
                  0x0011e4          0x2 SHORT 0x0 ((DEFINED (__Interrupt112)?ABSOLUTE (__Interrupt112):ABSOLUTE (__DefaultInterrupt) >> 0x10) & 0x7f)
                  0x0011e5          0x2 SHORT 0x0
                  0x0011e6          0x2 SHORT 0x2260 DEFINED (__Interrupt113)?ABSOLUTE (__Interrupt113):ABSOLUTE (__DefaultInterrupt)
                  0x0011e7          0x2 SHORT 0x4
                  0x0011e8          0x2 SHORT 0x0 ((DEFINED (__Interrupt113)?ABSOLUTE (__Interrupt113):ABSOLUTE (__DefaultInterrupt) >> 0x10) & 0x7f)
                  0x0011e9          0x2 SHORT 0x0
                  0x0011ea          0x2 SHORT 0x2260 DEFINED (__Interrupt114)?ABSOLUTE (__Interrupt114):ABSOLUTE (__DefaultInterrupt)
                  0x0011eb          0x2 SHORT 0x4
                  0x0011ec          0x2 SHORT 0x0 ((DEFINED (__Interrupt114)?ABSOLUTE (__Interrupt114):ABSOLUTE (__DefaultInterrupt) >> 0x10) & 0x7f)
                  0x0011ed          0x2 SHORT 0x0
                  0x0011ee          0x2 SHORT 0x2260 DEFINED (__Interrupt115)?ABSOLUTE (__Interrupt115):ABSOLUTE (__DefaultInterrupt)
                  0x0011ef          0x2 SHORT 0x4
                  0x0011f0          0x2 SHORT 0x0 ((DEFINED (__Interrupt115)?ABSOLUTE (__Interrupt115):ABSOLUTE (__DefaultInterrupt) >> 0x10) & 0x7f)
                  0x0011f1          0x2 SHORT 0x0
                  0x0011f2          0x2 SHORT 0x2260 DEFINED (__Interrupt116)?ABSOLUTE (__Interrupt116):ABSOLUTE (__DefaultInterrupt)
                  0x0011f3          0x2 SHORT 0x4
                  0x0011f4          0x2 SHORT 0x0 ((DEFINED (__Interrupt116)?ABSOLUTE (__Interrupt116):ABSOLUTE (__DefaultInterrupt) >> 0x10) & 0x7f)
                  0x0011f5          0x2 SHORT 0x0
                  0x0011f6          0x2 SHORT 0x2260 DEFINED (__Interrupt117)?ABSOLUTE (__Interrupt117):ABSOLUTE (__DefaultInterrupt)
                  0x0011f7          0x2 SHORT 0x4
                  0x0011f8          0x2 SHORT 0x0 ((DEFINED (__Interrupt117)?ABSOLUTE (__Interrupt117):ABSOLUTE (__DefaultInterrupt) >> 0x10) & 0x7f)
                  0x0011f9          0x2 SHORT 0x0
                  0x0011fa          0x2 SHORT 0x2260 DEFINED (__Interrupt118)?ABSOLUTE (__Interrupt118):ABSOLUTE (__DefaultInterrupt)
                  0x0011fb          0x2 SHORT 0x4
                  0x0011fc          0x2 SHORT 0x0 ((DEFINED (__Interrupt118)?ABSOLUTE (__Interrupt118):ABSOLUTE (__DefaultInterrupt) >> 0x10) & 0x7f)
                  0x0011fd          0x2 SHORT 0x0
                  0x0011fe          0x2 SHORT 0x2260 DEFINED (__Interrupt119)?ABSOLUTE (__Interrupt119):ABSOLUTE (__DefaultInterrupt)
                  0x0011ff          0x2 SHORT 0x4
                  0x001200          0x2 SHORT 0x0 ((DEFINED (__Interrupt119)?ABSOLUTE (__Interrupt119):ABSOLUTE (__DefaultInterrupt) >> 0x10) & 0x7f)
                  0x001201          0x2 SHORT 0x0
                  0x001202          0x2 SHORT 0x2260 DEFINED (__Interrupt120)?ABSOLUTE (__Interrupt120):ABSOLUTE (__DefaultInterrupt)
                  0x001203          0x2 SHORT 0x4
                  0x001204          0x2 SHORT 0x0 ((DEFINED (__Interrupt120)?ABSOLUTE (__Interrupt120):ABSOLUTE (__DefaultInterrupt) >> 0x10) & 0x7f)
                  0x001205          0x2 SHORT 0x0
                  0x001206          0x2 SHORT 0x2260 DEFINED (__Interrupt121)?ABSOLUTE (__Interrupt121):ABSOLUTE (__DefaultInterrupt)
                  0x001207          0x2 SHORT 0x4
                  0x001208          0x2 SHORT 0x0 ((DEFINED (__Interrupt121)?ABSOLUTE (__Interrupt121):ABSOLUTE (__DefaultInterrupt) >> 0x10) & 0x7f)
                  0x001209          0x2 SHORT 0x0
                  0x00120a          0x2 SHORT 0x2260 DEFINED (__Interrupt122)?ABSOLUTE (__Interrupt122):ABSOLUTE (__DefaultInterrupt)
                  0x00120b          0x2 SHORT 0x4
                  0x00120c          0x2 SHORT 0x0 ((DEFINED (__Interrupt122)?ABSOLUTE (__Interrupt122):ABSOLUTE (__DefaultInterrupt) >> 0x10) & 0x7f)
                  0x00120d          0x2 SHORT 0x0
                  0x00120e          0x2 SHORT 0x2260 DEFINED (__Interrupt123)?ABSOLUTE (__Interrupt123):ABSOLUTE (__DefaultInterrupt)
                  0x00120f          0x2 SHORT 0x4
                  0x001210          0x2 SHORT 0x0 ((DEFINED (__Interrupt123)?ABSOLUTE (__Interrupt123):ABSOLUTE (__DefaultInterrupt) >> 0x10) & 0x7f)
                  0x001211          0x2 SHORT 0x0
                  0x001212          0x2 SHORT 0x2260 DEFINED (__Interrupt124)?ABSOLUTE (__Interrupt124):ABSOLUTE (__DefaultInterrupt)
                  0x001213          0x2 SHORT 0x4
                  0x001214          0x2 SHORT 0x0 ((DEFINED (__Interrupt124)?ABSOLUTE (__Interrupt124):ABSOLUTE (__DefaultInterrupt) >> 0x10) & 0x7f)
                  0x001215          0x2 SHORT 0x0
                  0x001216          0x2 SHORT 0x2260 DEFINED (__Interrupt125)?ABSOLUTE (__Interrupt125):ABSOLUTE (__DefaultInterrupt)
                  0x001217          0x2 SHORT 0x4
                  0x001218          0x2 SHORT 0x0 ((DEFINED (__Interrupt125)?ABSOLUTE (__Interrupt125):ABSOLUTE (__DefaultInterrupt) >> 0x10) & 0x7f)
                  0x001219          0x2 SHORT 0x0
                  0x00121a          0x2 SHORT 0x2260 DEFINED (__Interrupt126)?ABSOLUTE (__Interrupt126):ABSOLUTE (__DefaultInterrupt)
                  0x00121b          0x2 SHORT 0x4
                  0x00121c          0x2 SHORT 0x0 ((DEFINED (__Interrupt126)?ABSOLUTE (__Interrupt126):ABSOLUTE (__DefaultInterrupt) >> 0x10) & 0x7f)
                  0x00121d          0x2 SHORT 0x0
                  0x00121e          0x2 SHORT 0x2260 DEFINED (__Interrupt127)?ABSOLUTE (__Interrupt127):ABSOLUTE (__DefaultInterrupt)
                  0x00121f          0x2 SHORT 0x4
                  0x001220          0x2 SHORT 0x0 ((DEFINED (__Interrupt127)?ABSOLUTE (__Interrupt127):ABSOLUTE (__DefaultInterrupt) >> 0x10) & 0x7f)
                  0x001221          0x2 SHORT 0x0
                  0x001222          0x2 SHORT 0x2260 DEFINED (__Interrupt128)?ABSOLUTE (__Interrupt128):ABSOLUTE (__DefaultInterrupt)
                  0x001223          0x2 SHORT 0x4
                  0x001224          0x2 SHORT 0x0 ((DEFINED (__Interrupt128)?ABSOLUTE (__Interrupt128):ABSOLUTE (__DefaultInterrupt) >> 0x10) & 0x7f)
                  0x001225          0x2 SHORT 0x0
                  0x001226          0x2 SHORT 0x2260 DEFINED (__Interrupt129)?ABSOLUTE (__Interrupt129):ABSOLUTE (__DefaultInterrupt)
                  0x001227          0x2 SHORT 0x4
                  0x001228          0x2 SHORT 0x0 ((DEFINED (__Interrupt129)?ABSOLUTE (__Interrupt129):ABSOLUTE (__DefaultInterrupt) >> 0x10) & 0x7f)
                  0x001229          0x2 SHORT 0x0
                  0x00122a          0x2 SHORT 0x2260 DEFINED (__Interrupt130)?ABSOLUTE (__Interrupt130):ABSOLUTE (__DefaultInterrupt)
                  0x00122b          0x2 SHORT 0x4
                  0x00122c          0x2 SHORT 0x0 ((DEFINED (__Interrupt130)?ABSOLUTE (__Interrupt130):ABSOLUTE (__DefaultInterrupt) >> 0x10) & 0x7f)
                  0x00122d          0x2 SHORT 0x0
                  0x00122e          0x2 SHORT 0x2260 DEFINED (__Interrupt131)?ABSOLUTE (__Interrupt131):ABSOLUTE (__DefaultInterrupt)
                  0x00122f          0x2 SHORT 0x4
                  0x001230          0x2 SHORT 0x0 ((DEFINED (__Interrupt131)?ABSOLUTE (__Interrupt131):ABSOLUTE (__DefaultInterrupt) >> 0x10) & 0x7f)
                  0x001231          0x2 SHORT 0x0
                  0x001232          0x2 SHORT 0x2260 DEFINED (__Interrupt132)?ABSOLUTE (__Interrupt132):ABSOLUTE (__DefaultInterrupt)
                  0x001233          0x2 SHORT 0x4
                  0x001234          0x2 SHORT 0x0 ((DEFINED (__Interrupt132)?ABSOLUTE (__Interrupt132):ABSOLUTE (__DefaultInterrupt) >> 0x10) & 0x7f)
                  0x001235          0x2 SHORT 0x0
                  0x001236          0x2 SHORT 0x2260 DEFINED (__Interrupt133)?ABSOLUTE (__Interrupt133):ABSOLUTE (__DefaultInterrupt)
                  0x001237          0x2 SHORT 0x4
                  0x001238          0x2 SHORT 0x0 ((DEFINED (__Interrupt133)?ABSOLUTE (__Interrupt133):ABSOLUTE (__DefaultInterrupt) >> 0x10) & 0x7f)
                  0x001239          0x2 SHORT 0x0
                  0x00123a          0x2 SHORT 0x2260 DEFINED (__Interrupt134)?ABSOLUTE (__Interrupt134):ABSOLUTE (__DefaultInterrupt)
                  0x00123b          0x2 SHORT 0x4
                  0x00123c          0x2 SHORT 0x0 ((DEFINED (__Interrupt134)?ABSOLUTE (__Interrupt134):ABSOLUTE (__DefaultInterrupt) >> 0x10) & 0x7f)
                  0x00123d          0x2 SHORT 0x0
                  0x00123e          0x2 SHORT 0x2260 DEFINED (__Interrupt135)?ABSOLUTE (__Interrupt135):ABSOLUTE (__DefaultInterrupt)
                  0x00123f          0x2 SHORT 0x4
                  0x001240          0x2 SHORT 0x0 ((DEFINED (__Interrupt135)?ABSOLUTE (__Interrupt135):ABSOLUTE (__DefaultInterrupt) >> 0x10) & 0x7f)
                  0x001241          0x2 SHORT 0x0
                  0x001242          0x2 SHORT 0x2260 DEFINED (__Interrupt136)?ABSOLUTE (__Interrupt136):ABSOLUTE (__DefaultInterrupt)
                  0x001243          0x2 SHORT 0x4
                  0x001244          0x2 SHORT 0x0 ((DEFINED (__Interrupt136)?ABSOLUTE (__Interrupt136):ABSOLUTE (__DefaultInterrupt) >> 0x10) & 0x7f)
                  0x001245          0x2 SHORT 0x0
                  0x001246          0x2 SHORT 0x2260 DEFINED (__Interrupt137)?ABSOLUTE (__Interrupt137):ABSOLUTE (__DefaultInterrupt)
                  0x001247          0x2 SHORT 0x4
                  0x001248          0x2 SHORT 0x0 ((DEFINED (__Interrupt137)?ABSOLUTE (__Interrupt137):ABSOLUTE (__DefaultInterrupt) >> 0x10) & 0x7f)
                  0x001249          0x2 SHORT 0x0
                  0x00124a          0x2 SHORT 0x2260 DEFINED (__Interrupt138)?ABSOLUTE (__Interrupt138):ABSOLUTE (__DefaultInterrupt)
                  0x00124b          0x2 SHORT 0x4
                  0x00124c          0x2 SHORT 0x0 ((DEFINED (__Interrupt138)?ABSOLUTE (__Interrupt138):ABSOLUTE (__DefaultInterrupt) >> 0x10) & 0x7f)
                  0x00124d          0x2 SHORT 0x0
                  0x00124e          0x2 SHORT 0x2260 DEFINED (__Interrupt139)?ABSOLUTE (__Interrupt139):ABSOLUTE (__DefaultInterrupt)
                  0x00124f          0x2 SHORT 0x4
                  0x001250          0x2 SHORT 0x0 ((DEFINED (__Interrupt139)?ABSOLUTE (__Interrupt139):ABSOLUTE (__DefaultInterrupt) >> 0x10) & 0x7f)
                  0x001251          0x2 SHORT 0x0
                  0x001252          0x2 SHORT 0x2260 DEFINED (__Interrupt140)?ABSOLUTE (__Interrupt140):ABSOLUTE (__DefaultInterrupt)
                  0x001253          0x2 SHORT 0x4
                  0x001254          0x2 SHORT 0x0 ((DEFINED (__Interrupt140)?ABSOLUTE (__Interrupt140):ABSOLUTE (__DefaultInterrupt) >> 0x10) & 0x7f)
                  0x001255          0x2 SHORT 0x0
                  0x001256          0x2 SHORT 0x2260 DEFINED (__Interrupt141)?ABSOLUTE (__Interrupt141):ABSOLUTE (__DefaultInterrupt)
                  0x001257          0x2 SHORT 0x4
                  0x001258          0x2 SHORT 0x0 ((DEFINED (__Interrupt141)?ABSOLUTE (__Interrupt141):ABSOLUTE (__DefaultInterrupt) >> 0x10) & 0x7f)
                  0x001259          0x2 SHORT 0x0
                  0x00125a          0x2 SHORT 0x2260 DEFINED (__ICDInterrupt)?ABSOLUTE (__ICDInterrupt):ABSOLUTE (__DefaultInterrupt)
                  0x00125b          0x2 SHORT 0x4
                  0x00125c          0x2 SHORT 0x0 ((DEFINED (__ICDInterrupt)?ABSOLUTE (__ICDInterrupt):ABSOLUTE (__DefaultInterrupt) >> 0x10) & 0x7f)
                  0x00125d          0x2 SHORT 0x0
                  0x00125e          0x2 SHORT 0x2260 DEFINED (__JTAGInterrupt)?ABSOLUTE (__JTAGInterrupt):ABSOLUTE (__DefaultInterrupt)
                  0x00125f          0x2 SHORT 0x4
                  0x001260          0x2 SHORT 0x0 ((DEFINED (__JTAGInterrupt)?ABSOLUTE (__JTAGInterrupt):ABSOLUTE (__DefaultInterrupt) >> 0x10) & 0x7f)
                  0x001261          0x2 SHORT 0x0
                  0x001262          0x2 SHORT 0x2260 DEFINED (__Interrupt144)?ABSOLUTE (__Interrupt144):ABSOLUTE (__DefaultInterrupt)
                  0x001263          0x2 SHORT 0x4
                  0x001264          0x2 SHORT 0x0 ((DEFINED (__Interrupt144)?ABSOLUTE (__Interrupt144):ABSOLUTE (__DefaultInterrupt) >> 0x10) & 0x7f)
                  0x001265          0x2 SHORT 0x0
                  0x001266          0x2 SHORT 0x2260 DEFINED (__PTGSTEPInterrupt)?ABSOLUTE (__PTGSTEPInterrupt):ABSOLUTE (__DefaultInterrupt)
                  0x001267          0x2 SHORT 0x4
                  0x001268          0x2 SHORT 0x0 ((DEFINED (__PTGSTEPInterrupt)?ABSOLUTE (__PTGSTEPInterrupt):ABSOLUTE (__DefaultInterrupt) >> 0x10) & 0x7f)
                  0x001269          0x2 SHORT 0x0
                  0x00126a          0x2 SHORT 0x2260 DEFINED (__PTGWDTInterrupt)?ABSOLUTE (__PTGWDTInterrupt):ABSOLUTE (__DefaultInterrupt)
                  0x00126b          0x2 SHORT 0x4
                  0x00126c          0x2 SHORT 0x0 ((DEFINED (__PTGWDTInterrupt)?ABSOLUTE (__PTGWDTInterrupt):ABSOLUTE (__DefaultInterrupt) >> 0x10) & 0x7f)
                  0x00126d          0x2 SHORT 0x0
                  0x00126e          0x2 SHORT 0x2260 DEFINED (__PTG0Interrupt)?ABSOLUTE (__PTG0Interrupt):ABSOLUTE (__DefaultInterrupt)
                  0x00126f          0x2 SHORT 0x4
                  0x001270          0x2 SHORT 0x0 ((DEFINED (__PTG0Interrupt)?ABSOLUTE (__PTG0Interrupt):ABSOLUTE (__DefaultInterrupt) >> 0x10) & 0x7f)
                  0x001271          0x2 SHORT 0x0
                  0x001272          0x2 SHORT 0x2260 DEFINED (__PTG1Interrupt)?ABSOLUTE (__PTG1Interrupt):ABSOLUTE (__DefaultInterrupt)
                  0x001273          0x2 SHORT 0x4
                  0x001274          0x2 SHORT 0x0 ((DEFINED (__PTG1Interrupt)?ABSOLUTE (__PTG1Interrupt):ABSOLUTE (__DefaultInterrupt) >> 0x10) & 0x7f)
                  0x001275          0x2 SHORT 0x0
                  0x001276          0x2 SHORT 0x2260 DEFINED (__PTG2Interrupt)?ABSOLUTE (__PTG2Interrupt):ABSOLUTE (__DefaultInterrupt)
                  0x001277          0x2 SHORT 0x4
                  0x001278          0x2 SHORT 0x0 ((DEFINED (__PTG2Interrupt)?ABSOLUTE (__PTG2Interrupt):ABSOLUTE (__DefaultInterrupt) >> 0x10) & 0x7f)
                  0x001279          0x2 SHORT 0x0
                  0x00127a          0x2 SHORT 0x2260 DEFINED (__PTG3Interrupt)?ABSOLUTE (__PTG3Interrupt):ABSOLUTE (__DefaultInterrupt)
                  0x00127b          0x2 SHORT 0x4
                  0x00127c          0x2 SHORT 0x0 ((DEFINED (__PTG3Interrupt)?ABSOLUTE (__PTG3Interrupt):ABSOLUTE (__DefaultInterrupt) >> 0x10) & 0x7f)
                  0x00127d          0x2 SHORT 0x0

.text             0x001300        0x3f8
 *(.init)
 .init            0x001300         0x2e c:/program files (x86)/microchip/mplabc30/v3.31/bin/bin/../../lib\libpic30-coff.a(crt0_extendedep.o)
                  0x001300                  _resetPRI
                  0x001300                  _reset
                  0x001322                  _psv_init
 .init            0x00132e         0x1c c:/program files (x86)/microchip/mplabc30/v3.31/bin/bin/../../lib\libpic30-coff.a(delay32ep.o)
                  0x00132e                  __delay32
 .init            0x00134a         0x9a c:/program files (x86)/microchip/mplabc30/v3.31/bin/bin/../../lib\libpic30-coff.a(data_init_extendedep.o)
                  0x00134a                  _data_init
                  0x00134a                  _data_init_extended
 *(.user_init)
 *(.handle)
 *(.isr*)
 *(.libc)
 *(.libm)
 .libm            0x0013e4         0x36 c:/program files (x86)/microchip/mplabc30/v3.31/bin/bin/../../lib\libm-coff.a(fixunssfsi.epo)
                  0x0013e4                  __fixunssfsi
 .libm            0x00141a         0x56 c:/program files (x86)/microchip/mplabc30/v3.31/bin/bin/../../lib\libm-coff.a(floatsisf.epo)
                  0x00141a                  __floatsisf
 .libm            0x001470         0xbc c:/program files (x86)/microchip/mplabc30/v3.31/bin/bin/../../lib\libm-coff.a(addsf3.epo)
                  0x001470                  __subsf3
                  0x001472                  __addsf3
 .libm            0x00152c          0x4 c:/program files (x86)/microchip/mplabc30/v3.31/bin/bin/../../lib\libm-coff.a(feqltle.epo)
                  0x00152c                  __eqsf2
                  0x00152c                  __ltsf2
                  0x00152c                  __lesf2
 .libm            0x001530         0x84 c:/program files (x86)/microchip/mplabc30/v3.31/bin/bin/../../lib\libm-coff.a(divsf3.epo)
                  0x001530                  __divsf3
 .libm            0x0015b4         0x68 c:/program files (x86)/microchip/mplabc30/v3.31/bin/bin/../../lib\libm-coff.a(mulsf3.epo)
                  0x0015b4                  __mulsf3
 .libm            0x00161c         0x2a c:/program files (x86)/microchip/mplabc30/v3.31/bin/bin/../../lib\libm-coff.a(funpack.epo)
                  0x00161c                  _funpack
 .libm            0x001646         0x4c c:/program files (x86)/microchip/mplabc30/v3.31/bin/bin/../../lib\libm-coff.a(fpack.epo)
                  0x001646                  _fpack
 .libm            0x001692         0x10 c:/program files (x86)/microchip/mplabc30/v3.31/bin/bin/../../lib\libm-coff.a(funpack2.epo)
                  0x001692                  _funpack2
 .libm            0x0016a2         0x20 c:/program files (x86)/microchip/mplabc30/v3.31/bin/bin/../../lib\libm-coff.a(futil.epo)
                  0x0016a2                  _fPropagateNaN
                  0x0016b4                  _fbopExit
                  0x0016bc                  _fbopReturnNaN
 .libm            0x0016c2         0x36 c:/program files (x86)/microchip/mplabc30/v3.31/bin/bin/../../lib\libm-coff.a(fcompare.epo)
                  0x0016c2                  _fcompare
 *(.libdsp)
 *(.lib*)

usercode
 *(usercode)

__FICD            0x0157f0          0x2
 *(__FICD.sec*)
 __FICD.sec       0x0157f0          0x2 pic24_configbits.o

__FPOR            0x0157f2          0x2
 *(__FPOR.sec*)
 __FPOR.sec       0x0157f2          0x2 pic24_configbits.o

__FWDT            0x0157f4          0x2
 *(__FWDT.sec*)
 __FWDT.sec       0x0157f4          0x2 pic24_configbits.o

__FOSC            0x0157f6          0x2
 *(__FOSC.sec*)
 __FOSC.sec       0x0157f6          0x2 pic24_configbits.o

__FOSCSEL         0x0157f8          0x2
 *(__FOSCSEL.sec*)
 __FOSCSEL.sec    0x0157f8          0x2 pic24_configbits.o

__FGS             0x0157fa          0x2
 *(__FGS.sec*)
 __FGS.sec        0x0157fa          0x2 FGS
                  0x0157fa                  _FGS.sec

__FUID0
 *(__FUID0.sec*)

__FUID1
 *(__FUID1.sec*)

__FUID2
 *(__FUID2.sec*)

__FUID3
 *(__FUID3.sec*)

.comment
 *(.comment)

.debug_info
 *(.debug_info)
 *(.gnu.linkonce.wi.*)

.debug_abbrev
 *(.debug_abbrev)

.debug_line
 *(.debug_line)

.debug_frame
 *(.debug_frame)

.debug_str
 *(.debug_str)

.debug_loc
 *(.debug_loc)

.debug_macinfo
 *(.debug_macinfo)

.debug_pubnames
 *(.debug_pubnames)

.debug_ranges
 *(.debug_ranges)

.debug_aranges
 *(.debug_aranges)

.ivt              0x000004        0x13e
                  0x000004          0x4 LONG 0x1002 J__OscillatorFail
                  0x000006          0x4 LONG 0x1006 J__AddressError
                  0x000008          0x4 LONG 0x100a J__HardTrapError
                  0x00000a          0x4 LONG 0x100e J__StackError
                  0x00000c          0x4 LONG 0x1012 J__MathError
                  0x00000e          0x4 LONG 0x1016 J__DMACError
                  0x000010          0x4 LONG 0x101a J__SoftTrapError
                  0x000012          0x4 LONG 0x101e J__ReservedTrap7
                  0x000014          0x4 LONG 0x1022 J__INT0Interrupt
                  0x000016          0x4 LONG 0x1026 J__IC1Interrupt
                  0x000018          0x4 LONG 0x102a J__OC1Interrupt
                  0x00001a          0x4 LONG 0x102e J__T1Interrupt
                  0x00001c          0x4 LONG 0x1032 J__DMA0Interrupt
                  0x00001e          0x4 LONG 0x1036 J__IC2Interrupt
                  0x000020          0x4 LONG 0x103a J__OC2Interrupt
                  0x000022          0x4 LONG 0x103e J__T2Interrupt
                  0x000024          0x4 LONG 0x1042 J__T3Interrupt
                  0x000026          0x4 LONG 0x1046 J__SPI1ErrInterrupt
                  0x000028          0x4 LONG 0x104a J__SPI1Interrupt
                  0x00002a          0x4 LONG 0x104e J__U1RXInterrupt
                  0x00002c          0x4 LONG 0x1052 J__U1TXInterrupt
                  0x00002e          0x4 LONG 0x1056 J__AD1Interrupt
                  0x000030          0x4 LONG 0x105a J__DMA1Interrupt
                  0x000032          0x4 LONG 0x105e J__Interrupt15
                  0x000034          0x4 LONG 0x1062 J__SI2C1Interrupt
                  0x000036          0x4 LONG 0x1066 J__MI2C1Interrupt
                  0x000038          0x4 LONG 0x106a J__CM1Interrupt
                  0x00003a          0x4 LONG 0x106e J__CNInterrupt
                  0x00003c          0x4 LONG 0x1072 J__INT1Interrupt
                  0x00003e          0x4 LONG 0x1076 J__Interrupt21
                  0x000040          0x4 LONG 0x107a J__Interrupt22
                  0x000042          0x4 LONG 0x107e J__Interrupt23
                  0x000044          0x4 LONG 0x1082 J__DMA2Interrupt
                  0x000046          0x4 LONG 0x1086 J__OC3Interrupt
                  0x000048          0x4 LONG 0x108a J__OC4Interrupt
                  0x00004a          0x4 LONG 0x108e J__T4Interrupt
                  0x00004c          0x4 LONG 0x1092 J__T5Interrupt
                  0x00004e          0x4 LONG 0x1096 J__INT2Interrupt
                  0x000050          0x4 LONG 0x109a J__U2RXInterrupt
                  0x000052          0x4 LONG 0x109e J__U2TXInterrupt
                  0x000054          0x4 LONG 0x10a2 J__SPI2ErrInterrupt
                  0x000056          0x4 LONG 0x10a6 J__SPI2Interrupt
                  0x000058          0x4 LONG 0x10aa J__C1RxRdyInterrupt
                  0x00005a          0x4 LONG 0x10ae J__C1Interrupt
                  0x00005c          0x4 LONG 0x10b2 J__DMA3Interrupt
                  0x00005e          0x4 LONG 0x10b6 J__IC3Interrupt
                  0x000060          0x4 LONG 0x10ba J__IC4Interrupt
                  0x000062          0x4 LONG 0x10be J__Interrupt39
                  0x000064          0x4 LONG 0x10c2 J__Interrupt40
                  0x000066          0x4 LONG 0x10c6 J__Interrupt41
                  0x000068          0x4 LONG 0x10ca J__Interrupt42
                  0x00006a          0x4 LONG 0x10ce J__Interrupt43
                  0x00006c          0x4 LONG 0x10d2 J__Interrupt44
                  0x00006e          0x4 LONG 0x10d6 J__Interrupt45
                  0x000070          0x4 LONG 0x10da J__Interrupt46
                  0x000072          0x4 LONG 0x10de J__Interrupt47
                  0x000074          0x4 LONG 0x10e2 J__Interrupt48
                  0x000076          0x4 LONG 0x10e6 J__SI2C2Interrupt
                  0x000078          0x4 LONG 0x10ea J__MI2C2Interrupt
                  0x00007a          0x4 LONG 0x10ee J__Interrupt51
                  0x00007c          0x4 LONG 0x10f2 J__Interrupt52
                  0x00007e          0x4 LONG 0x10f6 J__Interrupt53
                  0x000080          0x4 LONG 0x10fa J__Interrupt54
                  0x000082          0x4 LONG 0x10fe J__Interrupt55
                  0x000084          0x4 LONG 0x1102 J__Interrupt56
                  0x000086          0x4 LONG 0x1106 J__Interrupt57
                  0x000088          0x4 LONG 0x110a J__Interrupt58
                  0x00008a          0x4 LONG 0x110e J__Interrupt59
                  0x00008c          0x4 LONG 0x1112 J__Interrupt60
                  0x00008e          0x4 LONG 0x1116 J__Interrupt61
                  0x000090          0x4 LONG 0x111a J__Interrupt62
                  0x000092          0x4 LONG 0x111e J__Interrupt63
                  0x000094          0x4 LONG 0x1122 J__Interrupt64
                  0x000096          0x4 LONG 0x1126 J__U1ErrInterrupt
                  0x000098          0x4 LONG 0x112a J__U2ErrInterrupt
                  0x00009a          0x4 LONG 0x112e J__CRCInterrupt
                  0x00009c          0x4 LONG 0x1132 J__Interrupt68
                  0x00009e          0x4 LONG 0x1136 J__Interrupt69
                  0x0000a0          0x4 LONG 0x113a J__C1TxReqInterrupt
                  0x0000a2          0x4 LONG 0x113e J__Interrupt71
                  0x0000a4          0x4 LONG 0x1142 J__Interrupt72
                  0x0000a6          0x4 LONG 0x1146 J__Interrupt73
                  0x0000a8          0x4 LONG 0x114a J__Interrupt74
                  0x0000aa          0x4 LONG 0x114e J__Interrupt75
                  0x0000ac          0x4 LONG 0x1152 J__Interrupt76
                  0x0000ae          0x4 LONG 0x1156 J__CTMUInterrupt
                  0x0000b0          0x4 LONG 0x115a J__Interrupt78
                  0x0000b2          0x4 LONG 0x115e J__Interrupt79
                  0x0000b4          0x4 LONG 0x1162 J__Interrupt80
                  0x0000b6          0x4 LONG 0x1166 J__Interrupt81
                  0x0000b8          0x4 LONG 0x116a J__Interrupt82
                  0x0000ba          0x4 LONG 0x116e J__Interrupt83
                  0x0000bc          0x4 LONG 0x1172 J__Interrupt84
                  0x0000be          0x4 LONG 0x1176 J__Interrupt85
                  0x0000c0          0x4 LONG 0x117a J__Interrupt86
                  0x0000c2          0x4 LONG 0x117e J__Interrupt87
                  0x0000c4          0x4 LONG 0x1182 J__Interrupt88
                  0x0000c6          0x4 LONG 0x1186 J__Interrupt89
                  0x0000c8          0x4 LONG 0x118a J__Interrupt90
                  0x0000ca          0x4 LONG 0x118e J__Interrupt91
                  0x0000cc          0x4 LONG 0x1192 J__Interrupt92
                  0x0000ce          0x4 LONG 0x1196 J__Interrupt93
                  0x0000d0          0x4 LONG 0x119a J__Interrupt94
                  0x0000d2          0x4 LONG 0x119e J__Interrupt95
                  0x0000d4          0x4 LONG 0x11a2 J__Interrupt96
                  0x0000d6          0x4 LONG 0x11a6 J__Interrupt97
                  0x0000d8          0x4 LONG 0x11aa J__Interrupt98
                  0x0000da          0x4 LONG 0x11ae J__Interrupt99
                  0x0000dc          0x4 LONG 0x11b2 J__Interrupt100
                  0x0000de          0x4 LONG 0x11b6 J__Interrupt101
                  0x0000e0          0x4 LONG 0x11ba J__Interrupt102
                  0x0000e2          0x4 LONG 0x11be J__Interrupt103
                  0x0000e4          0x4 LONG 0x11c2 J__Interrupt104
                  0x0000e6          0x4 LONG 0x11c6 J__Interrupt105
                  0x0000e8          0x4 LONG 0x11ca J__Interrupt106
                  0x0000ea          0x4 LONG 0x11ce J__Interrupt107
                  0x0000ec          0x4 LONG 0x11d2 J__Interrupt108
                  0x0000ee          0x4 LONG 0x11d6 J__Interrupt109
                  0x0000f0          0x4 LONG 0x11da J__Interrupt110
                  0x0000f2          0x4 LONG 0x11de J__Interrupt111
                  0x0000f4          0x4 LONG 0x11e2 J__Interrupt112
                  0x0000f6          0x4 LONG 0x11e6 J__Interrupt113
                  0x0000f8          0x4 LONG 0x11ea J__Interrupt114
                  0x0000fa          0x4 LONG 0x11ee J__Interrupt115
                  0x0000fc          0x4 LONG 0x11f2 J__Interrupt116
                  0x0000fe          0x4 LONG 0x11f6 J__Interrupt117
                  0x000100          0x4 LONG 0x11fa J__Interrupt118
                  0x000102          0x4 LONG 0x11fe J__Interrupt119
                  0x000104          0x4 LONG 0x1202 J__Interrupt120
                  0x000106          0x4 LONG 0x1206 J__Interrupt121
                  0x000108          0x4 LONG 0x120a J__Interrupt122
                  0x00010a          0x4 LONG 0x120e J__Interrupt123
                  0x00010c          0x4 LONG 0x1212 J__Interrupt124
                  0x00010e          0x4 LONG 0x1216 J__Interrupt125
                  0x000110          0x4 LONG 0x121a J__Interrupt126
                  0x000112          0x4 LONG 0x121e J__Interrupt127
                  0x000114          0x4 LONG 0x1222 J__Interrupt128
                  0x000116          0x4 LONG 0x1226 J__Interrupt129
                  0x000118          0x4 LONG 0x122a J__Interrupt130
                  0x00011a          0x4 LONG 0x122e J__Interrupt131
                  0x00011c          0x4 LONG 0x1232 J__Interrupt132
                  0x00011e          0x4 LONG 0x1236 J__Interrupt133
                  0x000120          0x4 LONG 0x123a J__Interrupt134
                  0x000122          0x4 LONG 0x123e J__Interrupt135
                  0x000124          0x4 LONG 0x1242 J__Interrupt136
                  0x000126          0x4 LONG 0x1246 J__Interrupt137
                  0x000128          0x4 LONG 0x124a J__Interrupt138
                  0x00012a          0x4 LONG 0x124e J__Interrupt139
                  0x00012c          0x4 LONG 0x1252 J__Interrupt140
                  0x00012e          0x4 LONG 0x1256 J__Interrupt141
                  0x000130          0x4 LONG 0x125a J__ICDInterrupt
                  0x000132          0x4 LONG 0x125e J__JTAGInterrupt
                  0x000134          0x4 LONG 0x1262 J__Interrupt144
                  0x000136          0x4 LONG 0x1266 J__PTGSTEPInterrupt
                  0x000138          0x4 LONG 0x126a J__PTGWDTInterrupt
                  0x00013a          0x4 LONG 0x126e J__PTG0Interrupt
                  0x00013c          0x4 LONG 0x1272 J__PTG1Interrupt
                  0x00013e          0x4 LONG 0x1276 J__PTG2Interrupt
                  0x000140          0x4 LONG 0x127a J__PTG3Interrupt
                    0x0000                  WREG0 = 0x0
                    0x0000                  _WREG0 = 0x0
                    0x0002                  WREG1 = 0x2
                    0x0002                  _WREG1 = 0x2
                    0x0004                  WREG2 = 0x4
                    0x0004                  _WREG2 = 0x4
                    0x0006                  WREG3 = 0x6
                    0x0006                  _WREG3 = 0x6
                    0x0008                  WREG4 = 0x8
                    0x0008                  _WREG4 = 0x8
                    0x000a                  WREG5 = 0xa
                    0x000a                  _WREG5 = 0xa
                    0x000c                  WREG6 = 0xc
                    0x000c                  _WREG6 = 0xc
                    0x000e                  WREG7 = 0xe
                    0x000e                  _WREG7 = 0xe
                    0x0010                  WREG8 = 0x10
                    0x0010                  _WREG8 = 0x10
                    0x0012                  WREG9 = 0x12
                    0x0012                  _WREG9 = 0x12
                    0x0014                  WREG10 = 0x14
                    0x0014                  _WREG10 = 0x14
                    0x0016                  WREG11 = 0x16
                    0x0016                  _WREG11 = 0x16
                    0x0018                  WREG12 = 0x18
                    0x0018                  _WREG12 = 0x18
                    0x001a                  WREG13 = 0x1a
                    0x001a                  _WREG13 = 0x1a
                    0x001c                  WREG14 = 0x1c
                    0x001c                  _WREG14 = 0x1c
                    0x001e                  WREG15 = 0x1e
                    0x001e                  _WREG15 = 0x1e
                    0x0020                  SPLIM = 0x20
                    0x0020                  _SPLIM = 0x20
                    0x0022                  ACCAL = 0x22
                    0x0022                  _ACCAL = 0x22
                    0x0024                  ACCAH = 0x24
                    0x0024                  _ACCAH = 0x24
                    0x0026                  ACCAU = 0x26
                    0x0026                  _ACCAU = 0x26
                    0x0028                  ACCBL = 0x28
                    0x0028                  _ACCBL = 0x28
                    0x002a                  ACCBH = 0x2a
                    0x002a                  _ACCBH = 0x2a
                    0x002c                  ACCBU = 0x2c
                    0x002c                  _ACCBU = 0x2c
                    0x002e                  PCL = 0x2e
                    0x002e                  _PCL = 0x2e
                    0x0030                  PCH = 0x30
                    0x0030                  _PCH = 0x30
                    0x0032                  DSRPAG = 0x32
                    0x0032                  _DSRPAG = 0x32
                    0x0032                  _DSRPAGbits = 0x32
                    0x0034                  DSWPAG = 0x34
                    0x0034                  _DSWPAG = 0x34
                    0x0034                  _DSWPAGbits = 0x34
                    0x0036                  RCOUNT = 0x36
                    0x0036                  _RCOUNT = 0x36
                    0x0038                  DCOUNT = 0x38
                    0x0038                  _DCOUNT = 0x38
                    0x003a                  DOSTARTL = 0x3a
                    0x003a                  _DOSTARTL = 0x3a
                    0x003c                  DOSTARTH = 0x3c
                    0x003c                  _DOSTARTH = 0x3c
                    0x003e                  DOENDL = 0x3e
                    0x003e                  _DOENDL = 0x3e
                    0x0040                  DOENDH = 0x40